02:04:04 **** Build of configuration Debug for project P_INZ ****
make -j8 all 
arm-none-eabi-gcc "../Middlewares/ST/BlueNRG-MS/utils/ble_list.c" -mcpu=cortex-m4 -std=gnu11 -g3 '-DUSE_HAL_UART_REGISTER_CALLBACKS=1' -DUSE_HAL_DRIVER -DSTM32F401xE -DDEBUG -c -I../Middlewares/ST/BlueNRG-MS/hci/hci_tl_patterns/Basic -I../Middlewares/ST/BlueNRG-MS/includes -I../Drivers/CMSIS/Include -I../Drivers/STM32F4xx_HAL_Driver/Inc -I../Core/Inc -I../BlueNRG-MS/Target -I../Drivers/CMSIS/Device/ST/STM32F4xx/Include -I../Middlewares/ST/BlueNRG-MS/utils -I../Drivers/STM32F4xx_HAL_Driver/Inc/Legacy -I"C:/Users/Mateusz/STM32CubeIDE/GIT/remote-measurement-station/Common Source/Pin" -I"C:/Users/Mateusz/STM32CubeIDE/GIT/remote-measurement-station/Common Source/Pin" -I"C:/Users/Mateusz/STM32CubeIDE/GIT/remote-measurement-station/Common Source/psrc" -O0 -ffunction-sections -fdata-sections -Wall -fstack-usage -MMD -MP -MF"Middlewares/ST/BlueNRG-MS/utils/ble_list.d" -MT"Middlewares/ST/BlueNRG-MS/utils/ble_list.o" --specs=nano.specs -mfpu=fpv4-sp-d16 -mfloat-abi=hard -mthumb -o "Middlewares/ST/BlueNRG-MS/utils/ble_list.o"
arm-none-eabi-gcc "../Middlewares/ST/BlueNRG-MS/hci/hci_tl_patterns/Basic/hci_tl.c" -mcpu=cortex-m4 -std=gnu11 -g3 '-DUSE_HAL_UART_REGISTER_CALLBACKS=1' -DUSE_HAL_DRIVER -DSTM32F401xE -DDEBUG -c -I../Middlewares/ST/BlueNRG-MS/hci/hci_tl_patterns/Basic -I../Middlewares/ST/BlueNRG-MS/includes -I../Drivers/CMSIS/Include -I../Drivers/STM32F4xx_HAL_Driver/Inc -I../Core/Inc -I../BlueNRG-MS/Target -I../Drivers/CMSIS/Device/ST/STM32F4xx/Include -I../Middlewares/ST/BlueNRG-MS/utils -I../Drivers/STM32F4xx_HAL_Driver/Inc/Legacy -I"C:/Users/Mateusz/STM32CubeIDE/GIT/remote-measurement-station/Common Source/Pin" -I"C:/Users/Mateusz/STM32CubeIDE/GIT/remote-measurement-station/Common Source/Pin" -I"C:/Users/Mateusz/STM32CubeIDE/GIT/remote-measurement-station/Common Source/psrc" -O0 -ffunction-sections -fdata-sections -Wall -fstack-usage -MMD -MP -MF"Middlewares/ST/BlueNRG-MS/hci/hci_tl_patterns/Basic/hci_tl.d" -MT"Middlewares/ST/BlueNRG-MS/hci/hci_tl_patterns/Basic/hci_tl.o" --specs=nano.specs -mfpu=fpv4-sp-d16 -mfloat-abi=hard -mthumb -o "Middlewares/ST/BlueNRG-MS/hci/hci_tl_patterns/Basic/hci_tl.o"
arm-none-eabi-gcc "../Middlewares/ST/BlueNRG-MS/hci/controller/bluenrg_gap_aci.c" -mcpu=cortex-m4 -std=gnu11 -g3 '-DUSE_HAL_UART_REGISTER_CALLBACKS=1' -DUSE_HAL_DRIVER -DSTM32F401xE -DDEBUG -c -I../Middlewares/ST/BlueNRG-MS/hci/hci_tl_patterns/Basic -I../Middlewares/ST/BlueNRG-MS/includes -I../Drivers/CMSIS/Include -I../Drivers/STM32F4xx_HAL_Driver/Inc -I../Core/Inc -I../BlueNRG-MS/Target -I../Drivers/CMSIS/Device/ST/STM32F4xx/Include -I../Middlewares/ST/BlueNRG-MS/utils -I../Drivers/STM32F4xx_HAL_Driver/Inc/Legacy -I"C:/Users/Mateusz/STM32CubeIDE/GIT/remote-measurement-station/Common Source/Pin" -I"C:/Users/Mateusz/STM32CubeIDE/GIT/remote-measurement-station/Common Source/Pin" -I"C:/Users/Mateusz/STM32CubeIDE/GIT/remote-measurement-station/Common Source/psrc" -O0 -ffunction-sections -fdata-sections -Wall -fstack-usage -MMD -MP -MF"Middlewares/ST/BlueNRG-MS/hci/controller/bluenrg_gap_aci.d" -MT"Middlewares/ST/BlueNRG-MS/hci/controller/bluenrg_gap_aci.o" --specs=nano.specs -mfpu=fpv4-sp-d16 -mfloat-abi=hard -mthumb -o "Middlewares/ST/BlueNRG-MS/hci/controller/bluenrg_gap_aci.o"
arm-none-eabi-gcc "../Middlewares/ST/BlueNRG-MS/hci/controller/bluenrg_gatt_aci.c" -mcpu=cortex-m4 -std=gnu11 -g3 '-DUSE_HAL_UART_REGISTER_CALLBACKS=1' -DUSE_HAL_DRIVER -DSTM32F401xE -DDEBUG -c -I../Middlewares/ST/BlueNRG-MS/hci/hci_tl_patterns/Basic -I../Middlewares/ST/BlueNRG-MS/includes -I../Drivers/CMSIS/Include -I../Drivers/STM32F4xx_HAL_Driver/Inc -I../Core/Inc -I../BlueNRG-MS/Target -I../Drivers/CMSIS/Device/ST/STM32F4xx/Include -I../Middlewares/ST/BlueNRG-MS/utils -I../Drivers/STM32F4xx_HAL_Driver/Inc/Legacy -I"C:/Users/Mateusz/STM32CubeIDE/GIT/remote-measurement-station/Common Source/Pin" -I"C:/Users/Mateusz/STM32CubeIDE/GIT/remote-measurement-station/Common Source/Pin" -I"C:/Users/Mateusz/STM32CubeIDE/GIT/remote-measurement-station/Common Source/psrc" -O0 -ffunction-sections -fdata-sections -Wall -fstack-usage -MMD -MP -MF"Middlewares/ST/BlueNRG-MS/hci/controller/bluenrg_gatt_aci.d" -MT"Middlewares/ST/BlueNRG-MS/hci/controller/bluenrg_gatt_aci.o" --specs=nano.specs -mfpu=fpv4-sp-d16 -mfloat-abi=hard -mthumb -o "Middlewares/ST/BlueNRG-MS/hci/controller/bluenrg_gatt_aci.o"
arm-none-eabi-gcc "../Middlewares/ST/BlueNRG-MS/hci/controller/bluenrg_hal_aci.c" -mcpu=cortex-m4 -std=gnu11 -g3 '-DUSE_HAL_UART_REGISTER_CALLBACKS=1' -DUSE_HAL_DRIVER -DSTM32F401xE -DDEBUG -c -I../Middlewares/ST/BlueNRG-MS/hci/hci_tl_patterns/Basic -I../Middlewares/ST/BlueNRG-MS/includes -I../Drivers/CMSIS/Include -I../Drivers/STM32F4xx_HAL_Driver/Inc -I../Core/Inc -I../BlueNRG-MS/Target -I../Drivers/CMSIS/Device/ST/STM32F4xx/Include -I../Middlewares/ST/BlueNRG-MS/utils -I../Drivers/STM32F4xx_HAL_Driver/Inc/Legacy -I"C:/Users/Mateusz/STM32CubeIDE/GIT/remote-measurement-station/Common Source/Pin" -I"C:/Users/Mateusz/STM32CubeIDE/GIT/remote-measurement-station/Common Source/Pin" -I"C:/Users/Mateusz/STM32CubeIDE/GIT/remote-measurement-station/Common Source/psrc" -O0 -ffunction-sections -fdata-sections -Wall -fstack-usage -MMD -MP -MF"Middlewares/ST/BlueNRG-MS/hci/controller/bluenrg_hal_aci.d" -MT"Middlewares/ST/BlueNRG-MS/hci/controller/bluenrg_hal_aci.o" --specs=nano.specs -mfpu=fpv4-sp-d16 -mfloat-abi=hard -mthumb -o "Middlewares/ST/BlueNRG-MS/hci/controller/bluenrg_hal_aci.o"
arm-none-eabi-gcc "../Middlewares/ST/BlueNRG-MS/hci/controller/bluenrg_l2cap_aci.c" -mcpu=cortex-m4 -std=gnu11 -g3 '-DUSE_HAL_UART_REGISTER_CALLBACKS=1' -DUSE_HAL_DRIVER -DSTM32F401xE -DDEBUG -c -I../Middlewares/ST/BlueNRG-MS/hci/hci_tl_patterns/Basic -I../Middlewares/ST/BlueNRG-MS/includes -I../Drivers/CMSIS/Include -I../Drivers/STM32F4xx_HAL_Driver/Inc -I../Core/Inc -I../BlueNRG-MS/Target -I../Drivers/CMSIS/Device/ST/STM32F4xx/Include -I../Middlewares/ST/BlueNRG-MS/utils -I../Drivers/STM32F4xx_HAL_Driver/Inc/Legacy -I"C:/Users/Mateusz/STM32CubeIDE/GIT/remote-measurement-station/Common Source/Pin" -I"C:/Users/Mateusz/STM32CubeIDE/GIT/remote-measurement-station/Common Source/Pin" -I"C:/Users/Mateusz/STM32CubeIDE/GIT/remote-measurement-station/Common Source/psrc" -O0 -ffunction-sections -fdata-sections -Wall -fstack-usage -MMD -MP -MF"Middlewares/ST/BlueNRG-MS/hci/controller/bluenrg_l2cap_aci.d" -MT"Middlewares/ST/BlueNRG-MS/hci/controller/bluenrg_l2cap_aci.o" --specs=nano.specs -mfpu=fpv4-sp-d16 -mfloat-abi=hard -mthumb -o "Middlewares/ST/BlueNRG-MS/hci/controller/bluenrg_l2cap_aci.o"
arm-none-eabi-gcc "../Middlewares/ST/BlueNRG-MS/hci/controller/bluenrg_updater_aci.c" -mcpu=cortex-m4 -std=gnu11 -g3 '-DUSE_HAL_UART_REGISTER_CALLBACKS=1' -DUSE_HAL_DRIVER -DSTM32F401xE -DDEBUG -c -I../Middlewares/ST/BlueNRG-MS/hci/hci_tl_patterns/Basic -I../Middlewares/ST/BlueNRG-MS/includes -I../Drivers/CMSIS/Include -I../Drivers/STM32F4xx_HAL_Driver/Inc -I../Core/Inc -I../BlueNRG-MS/Target -I../Drivers/CMSIS/Device/ST/STM32F4xx/Include -I../Middlewares/ST/BlueNRG-MS/utils -I../Drivers/STM32F4xx_HAL_Driver/Inc/Legacy -I"C:/Users/Mateusz/STM32CubeIDE/GIT/remote-measurement-station/Common Source/Pin" -I"C:/Users/Mateusz/STM32CubeIDE/GIT/remote-measurement-station/Common Source/Pin" -I"C:/Users/Mateusz/STM32CubeIDE/GIT/remote-measurement-station/Common Source/psrc" -O0 -ffunction-sections -fdata-sections -Wall -fstack-usage -MMD -MP -MF"Middlewares/ST/BlueNRG-MS/hci/controller/bluenrg_updater_aci.d" -MT"Middlewares/ST/BlueNRG-MS/hci/controller/bluenrg_updater_aci.o" --specs=nano.specs -mfpu=fpv4-sp-d16 -mfloat-abi=hard -mthumb -o "Middlewares/ST/BlueNRG-MS/hci/controller/bluenrg_updater_aci.o"
arm-none-eabi-gcc "../Middlewares/ST/BlueNRG-MS/hci/controller/bluenrg_utils_small.c" -mcpu=cortex-m4 -std=gnu11 -g3 '-DUSE_HAL_UART_REGISTER_CALLBACKS=1' -DUSE_HAL_DRIVER -DSTM32F401xE -DDEBUG -c -I../Middlewares/ST/BlueNRG-MS/hci/hci_tl_patterns/Basic -I../Middlewares/ST/BlueNRG-MS/includes -I../Drivers/CMSIS/Include -I../Drivers/STM32F4xx_HAL_Driver/Inc -I../Core/Inc -I../BlueNRG-MS/Target -I../Drivers/CMSIS/Device/ST/STM32F4xx/Include -I../Middlewares/ST/BlueNRG-MS/utils -I../Drivers/STM32F4xx_HAL_Driver/Inc/Legacy -I"C:/Users/Mateusz/STM32CubeIDE/GIT/remote-measurement-station/Common Source/Pin" -I"C:/Users/Mateusz/STM32CubeIDE/GIT/remote-measurement-station/Common Source/Pin" -I"C:/Users/Mateusz/STM32CubeIDE/GIT/remote-measurement-station/Common Source/psrc" -O0 -ffunction-sections -fdata-sections -Wall -fstack-usage -MMD -MP -MF"Middlewares/ST/BlueNRG-MS/hci/controller/bluenrg_utils_small.d" -MT"Middlewares/ST/BlueNRG-MS/hci/controller/bluenrg_utils_small.o" --specs=nano.specs -mfpu=fpv4-sp-d16 -mfloat-abi=hard -mthumb -o "Middlewares/ST/BlueNRG-MS/hci/controller/bluenrg_utils_small.o"
In file included from ../Middlewares/ST/BlueNRG-MS/hci/hci_tl_patterns/Basic/hci_tl.h:22:0,
                 from ../Middlewares/ST/BlueNRG-MS/includes/hci_const.h:14,
                 from ../Middlewares/ST/BlueNRG-MS/hci/controller/bluenrg_hal_aci.c:18:
../BlueNRG-MS/Target/bluenrg_conf.h:36:0: warning: "DEBUG" redefined
 #define DEBUG      0
 
<command-line>:0:0: note: this is the location of the previous definition
In file included from ../Middlewares/ST/BlueNRG-MS/hci/hci_tl_patterns/Basic/hci_tl.h:22:0,
                 from ../Middlewares/ST/BlueNRG-MS/includes/hci_const.h:14,
                 from ../Middlewares/ST/BlueNRG-MS/hci/controller/bluenrg_gatt_aci.c:18:
../BlueNRG-MS/Target/bluenrg_conf.h:36:0: warning: "DEBUG" redefined
 #define DEBUG      0
 
<command-line>:0:0: note: this is the location of the previous definition
In file included from ../Middlewares/ST/BlueNRG-MS/hci/hci_tl_patterns/Basic/hci_tl.h:22:0,
                 from ../Middlewares/ST/BlueNRG-MS/includes/hci_const.h:14,
                 from ../Middlewares/ST/BlueNRG-MS/hci/controller/bluenrg_updater_aci.c:18:
../BlueNRG-MS/Target/bluenrg_conf.h:36:0: warning: "DEBUG" redefined
 #define DEBUG      0
 
<command-line>:0:0: note: this is the location of the previous definition
In file included from ../Middlewares/ST/BlueNRG-MS/hci/hci_tl_patterns/Basic/hci_tl.h:22:0,
                 from ../Middlewares/ST/BlueNRG-MS/includes/hci_const.h:14,
                 from ../Middlewares/ST/BlueNRG-MS/hci/controller/bluenrg_gap_aci.c:18:
../BlueNRG-MS/Target/bluenrg_conf.h:36:0: warning: "DEBUG" redefined
 #define DEBUG      0
 
<command-line>:0:0: note: this is the location of the previous definition
In file included from ../Middlewares/ST/BlueNRG-MS/hci/hci_tl_patterns/Basic/hci_tl.h:22:0,
                 from ../Middlewares/ST/BlueNRG-MS/includes/hci_const.h:14,
                 from ../Middlewares/ST/BlueNRG-MS/hci/controller/bluenrg_l2cap_aci.c:18:
../BlueNRG-MS/Target/bluenrg_conf.h:36:0: warning: "DEBUG" redefined
 #define DEBUG      0
 
<command-line>:0:0: note: this is the location of the previous definition
In file included from ../Middlewares/ST/BlueNRG-MS/hci/hci_tl_patterns/Basic/hci_tl.h:22:0,
                 from ../Middlewares/ST/BlueNRG-MS/includes/hci_const.h:14,
                 from ../Middlewares/ST/BlueNRG-MS/hci/hci_tl_patterns/Basic/hci_tl.c:47:
../BlueNRG-MS/Target/bluenrg_conf.h:36:0: warning: "DEBUG" redefined
 #define DEBUG      0
 
<command-line>:0:0: note: this is the location of the previous definition
In file included from ../Middlewares/ST/BlueNRG-MS/hci/hci_tl_patterns/Basic/hci_tl.h:22:0,
                 from ../Middlewares/ST/BlueNRG-MS/includes/hci_const.h:14,
                 from ../Middlewares/ST/BlueNRG-MS/includes/bluenrg_aci_const.h:20,
                 from ../Middlewares/ST/BlueNRG-MS/includes/bluenrg_aci.h:20,
                 from ../Middlewares/ST/BlueNRG-MS/hci/controller/bluenrg_utils_small.c:4:
../BlueNRG-MS/Target/bluenrg_conf.h:36:0: warning: "DEBUG" redefined
 #define DEBUG      0
 
<command-line>:0:0: note: this is the location of the previous definition
arm-none-eabi-gcc "../Middlewares/ST/BlueNRG-MS/hci/hci_le.c" -mcpu=cortex-m4 -std=gnu11 -g3 '-DUSE_HAL_UART_REGISTER_CALLBACKS=1' -DUSE_HAL_DRIVER -DSTM32F401xE -DDEBUG -c -I../Middlewares/ST/BlueNRG-MS/hci/hci_tl_patterns/Basic -I../Middlewares/ST/BlueNRG-MS/includes -I../Drivers/CMSIS/Include -I../Drivers/STM32F4xx_HAL_Driver/Inc -I../Core/Inc -I../BlueNRG-MS/Target -I../Drivers/CMSIS/Device/ST/STM32F4xx/Include -I../Middlewares/ST/BlueNRG-MS/utils -I../Drivers/STM32F4xx_HAL_Driver/Inc/Legacy -I"C:/Users/Mateusz/STM32CubeIDE/GIT/remote-measurement-station/Common Source/Pin" -I"C:/Users/Mateusz/STM32CubeIDE/GIT/remote-measurement-station/Common Source/Pin" -I"C:/Users/Mateusz/STM32CubeIDE/GIT/remote-measurement-station/Common Source/psrc" -O0 -ffunction-sections -fdata-sections -Wall -fstack-usage -MMD -MP -MF"Middlewares/ST/BlueNRG-MS/hci/hci_le.d" -MT"Middlewares/ST/BlueNRG-MS/hci/hci_le.o" --specs=nano.specs -mfpu=fpv4-sp-d16 -mfloat-abi=hard -mthumb -o "Middlewares/ST/BlueNRG-MS/hci/hci_le.o"
arm-none-eabi-gcc "../Drivers/STM32F4xx_HAL_Driver/Src/stm32f4xx_hal.c" -mcpu=cortex-m4 -std=gnu11 -g3 '-DUSE_HAL_UART_REGISTER_CALLBACKS=1' -DUSE_HAL_DRIVER -DSTM32F401xE -DDEBUG -c -I../Middlewares/ST/BlueNRG-MS/hci/hci_tl_patterns/Basic -I../Middlewares/ST/BlueNRG-MS/includes -I../Drivers/CMSIS/Include -I../Drivers/STM32F4xx_HAL_Driver/Inc -I../Core/Inc -I../BlueNRG-MS/Target -I../Drivers/CMSIS/Device/ST/STM32F4xx/Include -I../Middlewares/ST/BlueNRG-MS/utils -I../Drivers/STM32F4xx_HAL_Driver/Inc/Legacy -I"C:/Users/Mateusz/STM32CubeIDE/GIT/remote-measurement-station/Common Source/Pin" -I"C:/Users/Mateusz/STM32CubeIDE/GIT/remote-measurement-station/Common Source/Pin" -I"C:/Users/Mateusz/STM32CubeIDE/GIT/remote-measurement-station/Common Source/psrc" -O0 -ffunction-sections -fdata-sections -Wall -fstack-usage -MMD -MP -MF"Drivers/STM32F4xx_HAL_Driver/Src/stm32f4xx_hal.d" -MT"Drivers/STM32F4xx_HAL_Driver/Src/stm32f4xx_hal.o" --specs=nano.specs -mfpu=fpv4-sp-d16 -mfloat-abi=hard -mthumb -o "Drivers/STM32F4xx_HAL_Driver/Src/stm32f4xx_hal.o"
arm-none-eabi-gcc "../Drivers/STM32F4xx_HAL_Driver/Src/stm32f4xx_hal_cortex.c" -mcpu=cortex-m4 -std=gnu11 -g3 '-DUSE_HAL_UART_REGISTER_CALLBACKS=1' -DUSE_HAL_DRIVER -DSTM32F401xE -DDEBUG -c -I../Middlewares/ST/BlueNRG-MS/hci/hci_tl_patterns/Basic -I../Middlewares/ST/BlueNRG-MS/includes -I../Drivers/CMSIS/Include -I../Drivers/STM32F4xx_HAL_Driver/Inc -I../Core/Inc -I../BlueNRG-MS/Target -I../Drivers/CMSIS/Device/ST/STM32F4xx/Include -I../Middlewares/ST/BlueNRG-MS/utils -I../Drivers/STM32F4xx_HAL_Driver/Inc/Legacy -I"C:/Users/Mateusz/STM32CubeIDE/GIT/remote-measurement-station/Common Source/Pin" -I"C:/Users/Mateusz/STM32CubeIDE/GIT/remote-measurement-station/Common Source/Pin" -I"C:/Users/Mateusz/STM32CubeIDE/GIT/remote-measurement-station/Common Source/psrc" -O0 -ffunction-sections -fdata-sections -Wall -fstack-usage -MMD -MP -MF"Drivers/STM32F4xx_HAL_Driver/Src/stm32f4xx_hal_cortex.d" -MT"Drivers/STM32F4xx_HAL_Driver/Src/stm32f4xx_hal_cortex.o" --specs=nano.specs -mfpu=fpv4-sp-d16 -mfloat-abi=hard -mthumb -o "Drivers/STM32F4xx_HAL_Driver/Src/stm32f4xx_hal_cortex.o"
arm-none-eabi-gcc "../Drivers/STM32F4xx_HAL_Driver/Src/stm32f4xx_hal_dma.c" -mcpu=cortex-m4 -std=gnu11 -g3 '-DUSE_HAL_UART_REGISTER_CALLBACKS=1' -DUSE_HAL_DRIVER -DSTM32F401xE -DDEBUG -c -I../Middlewares/ST/BlueNRG-MS/hci/hci_tl_patterns/Basic -I../Middlewares/ST/BlueNRG-MS/includes -I../Drivers/CMSIS/Include -I../Drivers/STM32F4xx_HAL_Driver/Inc -I../Core/Inc -I../BlueNRG-MS/Target -I../Drivers/CMSIS/Device/ST/STM32F4xx/Include -I../Middlewares/ST/BlueNRG-MS/utils -I../Drivers/STM32F4xx_HAL_Driver/Inc/Legacy -I"C:/Users/Mateusz/STM32CubeIDE/GIT/remote-measurement-station/Common Source/Pin" -I"C:/Users/Mateusz/STM32CubeIDE/GIT/remote-measurement-station/Common Source/Pin" -I"C:/Users/Mateusz/STM32CubeIDE/GIT/remote-measurement-station/Common Source/psrc" -O0 -ffunction-sections -fdata-sections -Wall -fstack-usage -MMD -MP -MF"Drivers/STM32F4xx_HAL_Driver/Src/stm32f4xx_hal_dma.d" -MT"Drivers/STM32F4xx_HAL_Driver/Src/stm32f4xx_hal_dma.o" --specs=nano.specs -mfpu=fpv4-sp-d16 -mfloat-abi=hard -mthumb -o "Drivers/STM32F4xx_HAL_Driver/Src/stm32f4xx_hal_dma.o"
arm-none-eabi-gcc "../Drivers/STM32F4xx_HAL_Driver/Src/stm32f4xx_hal_dma_ex.c" -mcpu=cortex-m4 -std=gnu11 -g3 '-DUSE_HAL_UART_REGISTER_CALLBACKS=1' -DUSE_HAL_DRIVER -DSTM32F401xE -DDEBUG -c -I../Middlewares/ST/BlueNRG-MS/hci/hci_tl_patterns/Basic -I../Middlewares/ST/BlueNRG-MS/includes -I../Drivers/CMSIS/Include -I../Drivers/STM32F4xx_HAL_Driver/Inc -I../Core/Inc -I../BlueNRG-MS/Target -I../Drivers/CMSIS/Device/ST/STM32F4xx/Include -I../Middlewares/ST/BlueNRG-MS/utils -I../Drivers/STM32F4xx_HAL_Driver/Inc/Legacy -I"C:/Users/Mateusz/STM32CubeIDE/GIT/remote-measurement-station/Common Source/Pin" -I"C:/Users/Mateusz/STM32CubeIDE/GIT/remote-measurement-station/Common Source/Pin" -I"C:/Users/Mateusz/STM32CubeIDE/GIT/remote-measurement-station/Common Source/psrc" -O0 -ffunction-sections -fdata-sections -Wall -fstack-usage -MMD -MP -MF"Drivers/STM32F4xx_HAL_Driver/Src/stm32f4xx_hal_dma_ex.d" -MT"Drivers/STM32F4xx_HAL_Driver/Src/stm32f4xx_hal_dma_ex.o" --specs=nano.specs -mfpu=fpv4-sp-d16 -mfloat-abi=hard -mthumb -o "Drivers/STM32F4xx_HAL_Driver/Src/stm32f4xx_hal_dma_ex.o"
arm-none-eabi-gcc "../Drivers/STM32F4xx_HAL_Driver/Src/stm32f4xx_hal_exti.c" -mcpu=cortex-m4 -std=gnu11 -g3 '-DUSE_HAL_UART_REGISTER_CALLBACKS=1' -DUSE_HAL_DRIVER -DSTM32F401xE -DDEBUG -c -I../Middlewares/ST/BlueNRG-MS/hci/hci_tl_patterns/Basic -I../Middlewares/ST/BlueNRG-MS/includes -I../Drivers/CMSIS/Include -I../Drivers/STM32F4xx_HAL_Driver/Inc -I../Core/Inc -I../BlueNRG-MS/Target -I../Drivers/CMSIS/Device/ST/STM32F4xx/Include -I../Middlewares/ST/BlueNRG-MS/utils -I../Drivers/STM32F4xx_HAL_Driver/Inc/Legacy -I"C:/Users/Mateusz/STM32CubeIDE/GIT/remote-measurement-station/Common Source/Pin" -I"C:/Users/Mateusz/STM32CubeIDE/GIT/remote-measurement-station/Common Source/Pin" -I"C:/Users/Mateusz/STM32CubeIDE/GIT/remote-measurement-station/Common Source/psrc" -O0 -ffunction-sections -fdata-sections -Wall -fstack-usage -MMD -MP -MF"Drivers/STM32F4xx_HAL_Driver/Src/stm32f4xx_hal_exti.d" -MT"Drivers/STM32F4xx_HAL_Driver/Src/stm32f4xx_hal_exti.o" --specs=nano.specs -mfpu=fpv4-sp-d16 -mfloat-abi=hard -mthumb -o "Drivers/STM32F4xx_HAL_Driver/Src/stm32f4xx_hal_exti.o"
arm-none-eabi-gcc "../Drivers/STM32F4xx_HAL_Driver/Src/stm32f4xx_hal_flash.c" -mcpu=cortex-m4 -std=gnu11 -g3 '-DUSE_HAL_UART_REGISTER_CALLBACKS=1' -DUSE_HAL_DRIVER -DSTM32F401xE -DDEBUG -c -I../Middlewares/ST/BlueNRG-MS/hci/hci_tl_patterns/Basic -I../Middlewares/ST/BlueNRG-MS/includes -I../Drivers/CMSIS/Include -I../Drivers/STM32F4xx_HAL_Driver/Inc -I../Core/Inc -I../BlueNRG-MS/Target -I../Drivers/CMSIS/Device/ST/STM32F4xx/Include -I../Middlewares/ST/BlueNRG-MS/utils -I../Drivers/STM32F4xx_HAL_Driver/Inc/Legacy -I"C:/Users/Mateusz/STM32CubeIDE/GIT/remote-measurement-station/Common Source/Pin" -I"C:/Users/Mateusz/STM32CubeIDE/GIT/remote-measurement-station/Common Source/Pin" -I"C:/Users/Mateusz/STM32CubeIDE/GIT/remote-measurement-station/Common Source/psrc" -O0 -ffunction-sections -fdata-sections -Wall -fstack-usage -MMD -MP -MF"Drivers/STM32F4xx_HAL_Driver/Src/stm32f4xx_hal_flash.d" -MT"Drivers/STM32F4xx_HAL_Driver/Src/stm32f4xx_hal_flash.o" --specs=nano.specs -mfpu=fpv4-sp-d16 -mfloat-abi=hard -mthumb -o "Drivers/STM32F4xx_HAL_Driver/Src/stm32f4xx_hal_flash.o"
arm-none-eabi-gcc "../Drivers/STM32F4xx_HAL_Driver/Src/stm32f4xx_hal_flash_ex.c" -mcpu=cortex-m4 -std=gnu11 -g3 '-DUSE_HAL_UART_REGISTER_CALLBACKS=1' -DUSE_HAL_DRIVER -DSTM32F401xE -DDEBUG -c -I../Middlewares/ST/BlueNRG-MS/hci/hci_tl_patterns/Basic -I../Middlewares/ST/BlueNRG-MS/includes -I../Drivers/CMSIS/Include -I../Drivers/STM32F4xx_HAL_Driver/Inc -I../Core/Inc -I../BlueNRG-MS/Target -I../Drivers/CMSIS/Device/ST/STM32F4xx/Include -I../Middlewares/ST/BlueNRG-MS/utils -I../Drivers/STM32F4xx_HAL_Driver/Inc/Legacy -I"C:/Users/Mateusz/STM32CubeIDE/GIT/remote-measurement-station/Common Source/Pin" -I"C:/Users/Mateusz/STM32CubeIDE/GIT/remote-measurement-station/Common Source/Pin" -I"C:/Users/Mateusz/STM32CubeIDE/GIT/remote-measurement-station/Common Source/psrc" -O0 -ffunction-sections -fdata-sections -Wall -fstack-usage -MMD -MP -MF"Drivers/STM32F4xx_HAL_Driver/Src/stm32f4xx_hal_flash_ex.d" -MT"Drivers/STM32F4xx_HAL_Driver/Src/stm32f4xx_hal_flash_ex.o" --specs=nano.specs -mfpu=fpv4-sp-d16 -mfloat-abi=hard -mthumb -o "Drivers/STM32F4xx_HAL_Driver/Src/stm32f4xx_hal_flash_ex.o"
In file included from ../Middlewares/ST/BlueNRG-MS/hci/hci_tl_patterns/Basic/hci_tl.h:22:0,
                 from ../Middlewares/ST/BlueNRG-MS/includes/hci_const.h:14,
                 from ../Middlewares/ST/BlueNRG-MS/hci/hci_le.c:22:
../BlueNRG-MS/Target/bluenrg_conf.h:36:0: warning: "DEBUG" redefined
 #define DEBUG      0
 
<command-line>:0:0: note: this is the location of the previous definition
arm-none-eabi-gcc "../Drivers/STM32F4xx_HAL_Driver/Src/stm32f4xx_hal_flash_ramfunc.c" -mcpu=cortex-m4 -std=gnu11 -g3 '-DUSE_HAL_UART_REGISTER_CALLBACKS=1' -DUSE_HAL_DRIVER -DSTM32F401xE -DDEBUG -c -I../Middlewares/ST/BlueNRG-MS/hci/hci_tl_patterns/Basic -I../Middlewares/ST/BlueNRG-MS/includes -I../Drivers/CMSIS/Include -I../Drivers/STM32F4xx_HAL_Driver/Inc -I../Core/Inc -I../BlueNRG-MS/Target -I../Drivers/CMSIS/Device/ST/STM32F4xx/Include -I../Middlewares/ST/BlueNRG-MS/utils -I../Drivers/STM32F4xx_HAL_Driver/Inc/Legacy -I"C:/Users/Mateusz/STM32CubeIDE/GIT/remote-measurement-station/Common Source/Pin" -I"C:/Users/Mateusz/STM32CubeIDE/GIT/remote-measurement-station/Common Source/Pin" -I"C:/Users/Mateusz/STM32CubeIDE/GIT/remote-measurement-station/Common Source/psrc" -O0 -ffunction-sections -fdata-sections -Wall -fstack-usage -MMD -MP -MF"Drivers/STM32F4xx_HAL_Driver/Src/stm32f4xx_hal_flash_ramfunc.d" -MT"Drivers/STM32F4xx_HAL_Driver/Src/stm32f4xx_hal_flash_ramfunc.o" --specs=nano.specs -mfpu=fpv4-sp-d16 -mfloat-abi=hard -mthumb -o "Drivers/STM32F4xx_HAL_Driver/Src/stm32f4xx_hal_flash_ramfunc.o"
arm-none-eabi-gcc "../Drivers/STM32F4xx_HAL_Driver/Src/stm32f4xx_hal_gpio.c" -mcpu=cortex-m4 -std=gnu11 -g3 '-DUSE_HAL_UART_REGISTER_CALLBACKS=1' -DUSE_HAL_DRIVER -DSTM32F401xE -DDEBUG -c -I../Middlewares/ST/BlueNRG-MS/hci/hci_tl_patterns/Basic -I../Middlewares/ST/BlueNRG-MS/includes -I../Drivers/CMSIS/Include -I../Drivers/STM32F4xx_HAL_Driver/Inc -I../Core/Inc -I../BlueNRG-MS/Target -I../Drivers/CMSIS/Device/ST/STM32F4xx/Include -I../Middlewares/ST/BlueNRG-MS/utils -I../Drivers/STM32F4xx_HAL_Driver/Inc/Legacy -I"C:/Users/Mateusz/STM32CubeIDE/GIT/remote-measurement-station/Common Source/Pin" -I"C:/Users/Mateusz/STM32CubeIDE/GIT/remote-measurement-station/Common Source/Pin" -I"C:/Users/Mateusz/STM32CubeIDE/GIT/remote-measurement-station/Common Source/psrc" -O0 -ffunction-sections -fdata-sections -Wall -fstack-usage -MMD -MP -MF"Drivers/STM32F4xx_HAL_Driver/Src/stm32f4xx_hal_gpio.d" -MT"Drivers/STM32F4xx_HAL_Driver/Src/stm32f4xx_hal_gpio.o" --specs=nano.specs -mfpu=fpv4-sp-d16 -mfloat-abi=hard -mthumb -o "Drivers/STM32F4xx_HAL_Driver/Src/stm32f4xx_hal_gpio.o"
arm-none-eabi-gcc "../Drivers/STM32F4xx_HAL_Driver/Src/stm32f4xx_hal_pwr.c" -mcpu=cortex-m4 -std=gnu11 -g3 '-DUSE_HAL_UART_REGISTER_CALLBACKS=1' -DUSE_HAL_DRIVER -DSTM32F401xE -DDEBUG -c -I../Middlewares/ST/BlueNRG-MS/hci/hci_tl_patterns/Basic -I../Middlewares/ST/BlueNRG-MS/includes -I../Drivers/CMSIS/Include -I../Drivers/STM32F4xx_HAL_Driver/Inc -I../Core/Inc -I../BlueNRG-MS/Target -I../Drivers/CMSIS/Device/ST/STM32F4xx/Include -I../Middlewares/ST/BlueNRG-MS/utils -I../Drivers/STM32F4xx_HAL_Driver/Inc/Legacy -I"C:/Users/Mateusz/STM32CubeIDE/GIT/remote-measurement-station/Common Source/Pin" -I"C:/Users/Mateusz/STM32CubeIDE/GIT/remote-measurement-station/Common Source/Pin" -I"C:/Users/Mateusz/STM32CubeIDE/GIT/remote-measurement-station/Common Source/psrc" -O0 -ffunction-sections -fdata-sections -Wall -fstack-usage -MMD -MP -MF"Drivers/STM32F4xx_HAL_Driver/Src/stm32f4xx_hal_pwr.d" -MT"Drivers/STM32F4xx_HAL_Driver/Src/stm32f4xx_hal_pwr.o" --specs=nano.specs -mfpu=fpv4-sp-d16 -mfloat-abi=hard -mthumb -o "Drivers/STM32F4xx_HAL_Driver/Src/stm32f4xx_hal_pwr.o"
arm-none-eabi-gcc "../Drivers/STM32F4xx_HAL_Driver/Src/stm32f4xx_hal_pwr_ex.c" -mcpu=cortex-m4 -std=gnu11 -g3 '-DUSE_HAL_UART_REGISTER_CALLBACKS=1' -DUSE_HAL_DRIVER -DSTM32F401xE -DDEBUG -c -I../Middlewares/ST/BlueNRG-MS/hci/hci_tl_patterns/Basic -I../Middlewares/ST/BlueNRG-MS/includes -I../Drivers/CMSIS/Include -I../Drivers/STM32F4xx_HAL_Driver/Inc -I../Core/Inc -I../BlueNRG-MS/Target -I../Drivers/CMSIS/Device/ST/STM32F4xx/Include -I../Middlewares/ST/BlueNRG-MS/utils -I../Drivers/STM32F4xx_HAL_Driver/Inc/Legacy -I"C:/Users/Mateusz/STM32CubeIDE/GIT/remote-measurement-station/Common Source/Pin" -I"C:/Users/Mateusz/STM32CubeIDE/GIT/remote-measurement-station/Common Source/Pin" -I"C:/Users/Mateusz/STM32CubeIDE/GIT/remote-measurement-station/Common Source/psrc" -O0 -ffunction-sections -fdata-sections -Wall -fstack-usage -MMD -MP -MF"Drivers/STM32F4xx_HAL_Driver/Src/stm32f4xx_hal_pwr_ex.d" -MT"Drivers/STM32F4xx_HAL_Driver/Src/stm32f4xx_hal_pwr_ex.o" --specs=nano.specs -mfpu=fpv4-sp-d16 -mfloat-abi=hard -mthumb -o "Drivers/STM32F4xx_HAL_Driver/Src/stm32f4xx_hal_pwr_ex.o"
arm-none-eabi-gcc "../Drivers/STM32F4xx_HAL_Driver/Src/stm32f4xx_hal_rcc.c" -mcpu=cortex-m4 -std=gnu11 -g3 '-DUSE_HAL_UART_REGISTER_CALLBACKS=1' -DUSE_HAL_DRIVER -DSTM32F401xE -DDEBUG -c -I../Middlewares/ST/BlueNRG-MS/hci/hci_tl_patterns/Basic -I../Middlewares/ST/BlueNRG-MS/includes -I../Drivers/CMSIS/Include -I../Drivers/STM32F4xx_HAL_Driver/Inc -I../Core/Inc -I../BlueNRG-MS/Target -I../Drivers/CMSIS/Device/ST/STM32F4xx/Include -I../Middlewares/ST/BlueNRG-MS/utils -I../Drivers/STM32F4xx_HAL_Driver/Inc/Legacy -I"C:/Users/Mateusz/STM32CubeIDE/GIT/remote-measurement-station/Common Source/Pin" -I"C:/Users/Mateusz/STM32CubeIDE/GIT/remote-measurement-station/Common Source/Pin" -I"C:/Users/Mateusz/STM32CubeIDE/GIT/remote-measurement-station/Common Source/psrc" -O0 -ffunction-sections -fdata-sections -Wall -fstack-usage -MMD -MP -MF"Drivers/STM32F4xx_HAL_Driver/Src/stm32f4xx_hal_rcc.d" -MT"Drivers/STM32F4xx_HAL_Driver/Src/stm32f4xx_hal_rcc.o" --specs=nano.specs -mfpu=fpv4-sp-d16 -mfloat-abi=hard -mthumb -o "Drivers/STM32F4xx_HAL_Driver/Src/stm32f4xx_hal_rcc.o"
arm-none-eabi-gcc "../Drivers/STM32F4xx_HAL_Driver/Src/stm32f4xx_hal_rcc_ex.c" -mcpu=cortex-m4 -std=gnu11 -g3 '-DUSE_HAL_UART_REGISTER_CALLBACKS=1' -DUSE_HAL_DRIVER -DSTM32F401xE -DDEBUG -c -I../Middlewares/ST/BlueNRG-MS/hci/hci_tl_patterns/Basic -I../Middlewares/ST/BlueNRG-MS/includes -I../Drivers/CMSIS/Include -I../Drivers/STM32F4xx_HAL_Driver/Inc -I../Core/Inc -I../BlueNRG-MS/Target -I../Drivers/CMSIS/Device/ST/STM32F4xx/Include -I../Middlewares/ST/BlueNRG-MS/utils -I../Drivers/STM32F4xx_HAL_Driver/Inc/Legacy -I"C:/Users/Mateusz/STM32CubeIDE/GIT/remote-measurement-station/Common Source/Pin" -I"C:/Users/Mateusz/STM32CubeIDE/GIT/remote-measurement-station/Common Source/Pin" -I"C:/Users/Mateusz/STM32CubeIDE/GIT/remote-measurement-station/Common Source/psrc" -O0 -ffunction-sections -fdata-sections -Wall -fstack-usage -MMD -MP -MF"Drivers/STM32F4xx_HAL_Driver/Src/stm32f4xx_hal_rcc_ex.d" -MT"Drivers/STM32F4xx_HAL_Driver/Src/stm32f4xx_hal_rcc_ex.o" --specs=nano.specs -mfpu=fpv4-sp-d16 -mfloat-abi=hard -mthumb -o "Drivers/STM32F4xx_HAL_Driver/Src/stm32f4xx_hal_rcc_ex.o"
arm-none-eabi-gcc "../Drivers/STM32F4xx_HAL_Driver/Src/stm32f4xx_hal_spi.c" -mcpu=cortex-m4 -std=gnu11 -g3 '-DUSE_HAL_UART_REGISTER_CALLBACKS=1' -DUSE_HAL_DRIVER -DSTM32F401xE -DDEBUG -c -I../Middlewares/ST/BlueNRG-MS/hci/hci_tl_patterns/Basic -I../Middlewares/ST/BlueNRG-MS/includes -I../Drivers/CMSIS/Include -I../Drivers/STM32F4xx_HAL_Driver/Inc -I../Core/Inc -I../BlueNRG-MS/Target -I../Drivers/CMSIS/Device/ST/STM32F4xx/Include -I../Middlewares/ST/BlueNRG-MS/utils -I../Drivers/STM32F4xx_HAL_Driver/Inc/Legacy -I"C:/Users/Mateusz/STM32CubeIDE/GIT/remote-measurement-station/Common Source/Pin" -I"C:/Users/Mateusz/STM32CubeIDE/GIT/remote-measurement-station/Common Source/Pin" -I"C:/Users/Mateusz/STM32CubeIDE/GIT/remote-measurement-station/Common Source/psrc" -O0 -ffunction-sections -fdata-sections -Wall -fstack-usage -MMD -MP -MF"Drivers/STM32F4xx_HAL_Driver/Src/stm32f4xx_hal_spi.d" -MT"Drivers/STM32F4xx_HAL_Driver/Src/stm32f4xx_hal_spi.o" --specs=nano.specs -mfpu=fpv4-sp-d16 -mfloat-abi=hard -mthumb -o "Drivers/STM32F4xx_HAL_Driver/Src/stm32f4xx_hal_spi.o"
arm-none-eabi-gcc "../Drivers/STM32F4xx_HAL_Driver/Src/stm32f4xx_hal_tim.c" -mcpu=cortex-m4 -std=gnu11 -g3 '-DUSE_HAL_UART_REGISTER_CALLBACKS=1' -DUSE_HAL_DRIVER -DSTM32F401xE -DDEBUG -c -I../Middlewares/ST/BlueNRG-MS/hci/hci_tl_patterns/Basic -I../Middlewares/ST/BlueNRG-MS/includes -I../Drivers/CMSIS/Include -I../Drivers/STM32F4xx_HAL_Driver/Inc -I../Core/Inc -I../BlueNRG-MS/Target -I../Drivers/CMSIS/Device/ST/STM32F4xx/Include -I../Middlewares/ST/BlueNRG-MS/utils -I../Drivers/STM32F4xx_HAL_Driver/Inc/Legacy -I"C:/Users/Mateusz/STM32CubeIDE/GIT/remote-measurement-station/Common Source/Pin" -I"C:/Users/Mateusz/STM32CubeIDE/GIT/remote-measurement-station/Common Source/Pin" -I"C:/Users/Mateusz/STM32CubeIDE/GIT/remote-measurement-station/Common Source/psrc" -O0 -ffunction-sections -fdata-sections -Wall -fstack-usage -MMD -MP -MF"Drivers/STM32F4xx_HAL_Driver/Src/stm32f4xx_hal_tim.d" -MT"Drivers/STM32F4xx_HAL_Driver/Src/stm32f4xx_hal_tim.o" --specs=nano.specs -mfpu=fpv4-sp-d16 -mfloat-abi=hard -mthumb -o "Drivers/STM32F4xx_HAL_Driver/Src/stm32f4xx_hal_tim.o"
arm-none-eabi-gcc "../Drivers/STM32F4xx_HAL_Driver/Src/stm32f4xx_hal_tim_ex.c" -mcpu=cortex-m4 -std=gnu11 -g3 '-DUSE_HAL_UART_REGISTER_CALLBACKS=1' -DUSE_HAL_DRIVER -DSTM32F401xE -DDEBUG -c -I../Middlewares/ST/BlueNRG-MS/hci/hci_tl_patterns/Basic -I../Middlewares/ST/BlueNRG-MS/includes -I../Drivers/CMSIS/Include -I../Drivers/STM32F4xx_HAL_Driver/Inc -I../Core/Inc -I../BlueNRG-MS/Target -I../Drivers/CMSIS/Device/ST/STM32F4xx/Include -I../Middlewares/ST/BlueNRG-MS/utils -I../Drivers/STM32F4xx_HAL_Driver/Inc/Legacy -I"C:/Users/Mateusz/STM32CubeIDE/GIT/remote-measurement-station/Common Source/Pin" -I"C:/Users/Mateusz/STM32CubeIDE/GIT/remote-measurement-station/Common Source/Pin" -I"C:/Users/Mateusz/STM32CubeIDE/GIT/remote-measurement-station/Common Source/psrc" -O0 -ffunction-sections -fdata-sections -Wall -fstack-usage -MMD -MP -MF"Drivers/STM32F4xx_HAL_Driver/Src/stm32f4xx_hal_tim_ex.d" -MT"Drivers/STM32F4xx_HAL_Driver/Src/stm32f4xx_hal_tim_ex.o" --specs=nano.specs -mfpu=fpv4-sp-d16 -mfloat-abi=hard -mthumb -o "Drivers/STM32F4xx_HAL_Driver/Src/stm32f4xx_hal_tim_ex.o"
arm-none-eabi-gcc "../Drivers/STM32F4xx_HAL_Driver/Src/stm32f4xx_hal_uart.c" -mcpu=cortex-m4 -std=gnu11 -g3 '-DUSE_HAL_UART_REGISTER_CALLBACKS=1' -DUSE_HAL_DRIVER -DSTM32F401xE -DDEBUG -c -I../Middlewares/ST/BlueNRG-MS/hci/hci_tl_patterns/Basic -I../Middlewares/ST/BlueNRG-MS/includes -I../Drivers/CMSIS/Include -I../Drivers/STM32F4xx_HAL_Driver/Inc -I../Core/Inc -I../BlueNRG-MS/Target -I../Drivers/CMSIS/Device/ST/STM32F4xx/Include -I../Middlewares/ST/BlueNRG-MS/utils -I../Drivers/STM32F4xx_HAL_Driver/Inc/Legacy -I"C:/Users/Mateusz/STM32CubeIDE/GIT/remote-measurement-station/Common Source/Pin" -I"C:/Users/Mateusz/STM32CubeIDE/GIT/remote-measurement-station/Common Source/Pin" -I"C:/Users/Mateusz/STM32CubeIDE/GIT/remote-measurement-station/Common Source/psrc" -O0 -ffunction-sections -fdata-sections -Wall -fstack-usage -MMD -MP -MF"Drivers/STM32F4xx_HAL_Driver/Src/stm32f4xx_hal_uart.d" -MT"Drivers/STM32F4xx_HAL_Driver/Src/stm32f4xx_hal_uart.o" --specs=nano.specs -mfpu=fpv4-sp-d16 -mfloat-abi=hard -mthumb -o "Drivers/STM32F4xx_HAL_Driver/Src/stm32f4xx_hal_uart.o"
arm-none-eabi-gcc "C:/Users/Mateusz/STM32CubeIDE/GIT/remote-measurement-station/Common Source/psrc/LoadWeighingAL.c" -mcpu=cortex-m4 -std=gnu11 -g3 '-DUSE_HAL_UART_REGISTER_CALLBACKS=1' -DUSE_HAL_DRIVER -DSTM32F401xE -DDEBUG -c -I../Middlewares/ST/BlueNRG-MS/hci/hci_tl_patterns/Basic -I../Middlewares/ST/BlueNRG-MS/includes -I../Drivers/CMSIS/Include -I../Drivers/STM32F4xx_HAL_Driver/Inc -I../Core/Inc -I../BlueNRG-MS/Target -I../Drivers/CMSIS/Device/ST/STM32F4xx/Include -I../Middlewares/ST/BlueNRG-MS/utils -I../Drivers/STM32F4xx_HAL_Driver/Inc/Legacy -I"C:/Users/Mateusz/STM32CubeIDE/GIT/remote-measurement-station/Common Source/Pin" -I"C:/Users/Mateusz/STM32CubeIDE/GIT/remote-measurement-station/Common Source/Pin" -I"C:/Users/Mateusz/STM32CubeIDE/GIT/remote-measurement-station/Common Source/psrc" -O0 -ffunction-sections -fdata-sections -Wall -fstack-usage -MMD -MP -MF"Core/psrc/LoadWeighingAL.d" -MT"Core/psrc/LoadWeighingAL.o" --specs=nano.specs -mfpu=fpv4-sp-d16 -mfloat-abi=hard -mthumb -o "Core/psrc/LoadWeighingAL.o"
arm-none-eabi-gcc "C:/Users/Mateusz/STM32CubeIDE/GIT/remote-measurement-station/Common Source/psrc/ble_decode_callback.c" -mcpu=cortex-m4 -std=gnu11 -g3 '-DUSE_HAL_UART_REGISTER_CALLBACKS=1' -DUSE_HAL_DRIVER -DSTM32F401xE -DDEBUG -c -I../Middlewares/ST/BlueNRG-MS/hci/hci_tl_patterns/Basic -I../Middlewares/ST/BlueNRG-MS/includes -I../Drivers/CMSIS/Include -I../Drivers/STM32F4xx_HAL_Driver/Inc -I../Core/Inc -I../BlueNRG-MS/Target -I../Drivers/CMSIS/Device/ST/STM32F4xx/Include -I../Middlewares/ST/BlueNRG-MS/utils -I../Drivers/STM32F4xx_HAL_Driver/Inc/Legacy -I"C:/Users/Mateusz/STM32CubeIDE/GIT/remote-measurement-station/Common Source/Pin" -I"C:/Users/Mateusz/STM32CubeIDE/GIT/remote-measurement-station/Common Source/Pin" -I"C:/Users/Mateusz/STM32CubeIDE/GIT/remote-measurement-station/Common Source/psrc" -O0 -ffunction-sections -fdata-sections -Wall -fstack-usage -MMD -MP -MF"Core/psrc/ble_decode_callback.d" -MT"Core/psrc/ble_decode_callback.o" --specs=nano.specs -mfpu=fpv4-sp-d16 -mfloat-abi=hard -mthumb -o "Core/psrc/ble_decode_callback.o"
arm-none-eabi-gcc "C:/Users/Mateusz/STM32CubeIDE/GIT/remote-measurement-station/Common Source/psrc/station_specific.c" -mcpu=cortex-m4 -std=gnu11 -g3 '-DUSE_HAL_UART_REGISTER_CALLBACKS=1' -DUSE_HAL_DRIVER -DSTM32F401xE -DDEBUG -c -I../Middlewares/ST/BlueNRG-MS/hci/hci_tl_patterns/Basic -I../Middlewares/ST/BlueNRG-MS/includes -I../Drivers/CMSIS/Include -I../Drivers/STM32F4xx_HAL_Driver/Inc -I../Core/Inc -I../BlueNRG-MS/Target -I../Drivers/CMSIS/Device/ST/STM32F4xx/Include -I../Middlewares/ST/BlueNRG-MS/utils -I../Drivers/STM32F4xx_HAL_Driver/Inc/Legacy -I"C:/Users/Mateusz/STM32CubeIDE/GIT/remote-measurement-station/Common Source/Pin" -I"C:/Users/Mateusz/STM32CubeIDE/GIT/remote-measurement-station/Common Source/Pin" -I"C:/Users/Mateusz/STM32CubeIDE/GIT/remote-measurement-station/Common Source/psrc" -O0 -ffunction-sections -fdata-sections -Wall -fstack-usage -MMD -MP -MF"Core/psrc/station_specific.d" -MT"Core/psrc/station_specific.o" --specs=nano.specs -mfpu=fpv4-sp-d16 -mfloat-abi=hard -mthumb -o "Core/psrc/station_specific.o"
arm-none-eabi-gcc -mcpu=cortex-m4 -g -c -I"C:/Users/Mateusz/STM32CubeIDE/GIT/remote-measurement-station/Common Source/Pin" -I"C:/Users/Mateusz/STM32CubeIDE/GIT/remote-measurement-station/Common Source/psrc" -x assembler-with-cpp -MMD -MP -MF"Core/Startup/startup_stm32f401retx.d" -MT"Core/Startup/startup_stm32f401retx.o" --specs=nano.specs -mfpu=fpv4-sp-d16 -mfloat-abi=hard -mthumb -o "Core/Startup/startup_stm32f401retx.o" "../Core/Startup/startup_stm32f401retx.s"
arm-none-eabi-gcc "../Core/Src/main.c" -mcpu=cortex-m4 -std=gnu11 -g3 '-DUSE_HAL_UART_REGISTER_CALLBACKS=1' -DUSE_HAL_DRIVER -DSTM32F401xE -DDEBUG -c -I../Middlewares/ST/BlueNRG-MS/hci/hci_tl_patterns/Basic -I../Middlewares/ST/BlueNRG-MS/includes -I../Drivers/CMSIS/Include -I../Drivers/STM32F4xx_HAL_Driver/Inc -I../Core/Inc -I../BlueNRG-MS/Target -I../Drivers/CMSIS/Device/ST/STM32F4xx/Include -I../Middlewares/ST/BlueNRG-MS/utils -I../Drivers/STM32F4xx_HAL_Driver/Inc/Legacy -I"C:/Users/Mateusz/STM32CubeIDE/GIT/remote-measurement-station/Common Source/Pin" -I"C:/Users/Mateusz/STM32CubeIDE/GIT/remote-measurement-station/Common Source/Pin" -I"C:/Users/Mateusz/STM32CubeIDE/GIT/remote-measurement-station/Common Source/psrc" -O0 -ffunction-sections -fdata-sections -Wall -fstack-usage -MMD -MP -MF"Core/Src/main.d" -MT"Core/Src/main.o" --specs=nano.specs -mfpu=fpv4-sp-d16 -mfloat-abi=hard -mthumb -o "Core/Src/main.o"
arm-none-eabi-gcc "../Core/Src/stm32f4xx_hal_msp.c" -mcpu=cortex-m4 -std=gnu11 -g3 '-DUSE_HAL_UART_REGISTER_CALLBACKS=1' -DUSE_HAL_DRIVER -DSTM32F401xE -DDEBUG -c -I../Middlewares/ST/BlueNRG-MS/hci/hci_tl_patterns/Basic -I../Middlewares/ST/BlueNRG-MS/includes -I../Drivers/CMSIS/Include -I../Drivers/STM32F4xx_HAL_Driver/Inc -I../Core/Inc -I../BlueNRG-MS/Target -I../Drivers/CMSIS/Device/ST/STM32F4xx/Include -I../Middlewares/ST/BlueNRG-MS/utils -I../Drivers/STM32F4xx_HAL_Driver/Inc/Legacy -I"C:/Users/Mateusz/STM32CubeIDE/GIT/remote-measurement-station/Common Source/Pin" -I"C:/Users/Mateusz/STM32CubeIDE/GIT/remote-measurement-station/Common Source/Pin" -I"C:/Users/Mateusz/STM32CubeIDE/GIT/remote-measurement-station/Common Source/psrc" -O0 -ffunction-sections -fdata-sections -Wall -fstack-usage -MMD -MP -MF"Core/Src/stm32f4xx_hal_msp.d" -MT"Core/Src/stm32f4xx_hal_msp.o" --specs=nano.specs -mfpu=fpv4-sp-d16 -mfloat-abi=hard -mthumb -o "Core/Src/stm32f4xx_hal_msp.o"
arm-none-eabi-gcc "../Core/Src/stm32f4xx_it.c" -mcpu=cortex-m4 -std=gnu11 -g3 '-DUSE_HAL_UART_REGISTER_CALLBACKS=1' -DUSE_HAL_DRIVER -DSTM32F401xE -DDEBUG -c -I../Middlewares/ST/BlueNRG-MS/hci/hci_tl_patterns/Basic -I../Middlewares/ST/BlueNRG-MS/includes -I../Drivers/CMSIS/Include -I../Drivers/STM32F4xx_HAL_Driver/Inc -I../Core/Inc -I../BlueNRG-MS/Target -I../Drivers/CMSIS/Device/ST/STM32F4xx/Include -I../Middlewares/ST/BlueNRG-MS/utils -I../Drivers/STM32F4xx_HAL_Driver/Inc/Legacy -I"C:/Users/Mateusz/STM32CubeIDE/GIT/remote-measurement-station/Common Source/Pin" -I"C:/Users/Mateusz/STM32CubeIDE/GIT/remote-measurement-station/Common Source/Pin" -I"C:/Users/Mateusz/STM32CubeIDE/GIT/remote-measurement-station/Common Source/psrc" -O0 -ffunction-sections -fdata-sections -Wall -fstack-usage -MMD -MP -MF"Core/Src/stm32f4xx_it.d" -MT"Core/Src/stm32f4xx_it.o" --specs=nano.specs -mfpu=fpv4-sp-d16 -mfloat-abi=hard -mthumb -o "Core/Src/stm32f4xx_it.o"
arm-none-eabi-gcc "../Core/Src/stm32f4xx_nucleo_bus.c" -mcpu=cortex-m4 -std=gnu11 -g3 '-DUSE_HAL_UART_REGISTER_CALLBACKS=1' -DUSE_HAL_DRIVER -DSTM32F401xE -DDEBUG -c -I../Middlewares/ST/BlueNRG-MS/hci/hci_tl_patterns/Basic -I../Middlewares/ST/BlueNRG-MS/includes -I../Drivers/CMSIS/Include -I../Drivers/STM32F4xx_HAL_Driver/Inc -I../Core/Inc -I../BlueNRG-MS/Target -I../Drivers/CMSIS/Device/ST/STM32F4xx/Include -I../Middlewares/ST/BlueNRG-MS/utils -I../Drivers/STM32F4xx_HAL_Driver/Inc/Legacy -I"C:/Users/Mateusz/STM32CubeIDE/GIT/remote-measurement-station/Common Source/Pin" -I"C:/Users/Mateusz/STM32CubeIDE/GIT/remote-measurement-station/Common Source/Pin" -I"C:/Users/Mateusz/STM32CubeIDE/GIT/remote-measurement-station/Common Source/psrc" -O0 -ffunction-sections -fdata-sections -Wall -fstack-usage -MMD -MP -MF"Core/Src/stm32f4xx_nucleo_bus.d" -MT"Core/Src/stm32f4xx_nucleo_bus.o" --specs=nano.specs -mfpu=fpv4-sp-d16 -mfloat-abi=hard -mthumb -o "Core/Src/stm32f4xx_nucleo_bus.o"
In file included from ../Middlewares/ST/BlueNRG-MS/hci/hci_tl_patterns/Basic/hci_tl.h:22:0,
                 from ../Middlewares/ST/BlueNRG-MS/includes/hci_const.h:14,
                 from C:/Users/Mateusz/STM32CubeIDE/GIT/remote-measurement-station/Common Source/Pin/SpecialTypes.h:12,
                 from C:/Users/Mateusz/STM32CubeIDE/GIT/remote-measurement-station/Common Source/Pin/LoadWeighingAL.h:20,
                 from C:/Users/Mateusz/STM32CubeIDE/GIT/remote-measurement-station/Common Source/psrc/LoadWeighingAL.c:8:
../BlueNRG-MS/Target/bluenrg_conf.h:36:0: warning: "DEBUG" redefined
 #define DEBUG      0
 
<command-line>:0:0: note: this is the location of the previous definition
In file included from ../Middlewares/ST/BlueNRG-MS/hci/hci_tl_patterns/Basic/hci_tl.h:22:0,
                 from ../Middlewares/ST/BlueNRG-MS/includes/hci_const.h:14,
                 from C:/Users/Mateusz/STM32CubeIDE/GIT/remote-measurement-station/Common Source/Pin/SpecialTypes.h:12,
                 from C:/Users/Mateusz/STM32CubeIDE/GIT/remote-measurement-station/Common Source/Pin/ble_decode_callback.h:13,
                 from C:/Users/Mateusz/STM32CubeIDE/GIT/remote-measurement-station/Common Source/psrc/ble_decode_callback.c:7:
../BlueNRG-MS/Target/bluenrg_conf.h:36:0: warning: "DEBUG" redefined
 #define DEBUG      0
 
<command-line>:0:0: note: this is the location of the previous definition
In file included from ../Middlewares/ST/BlueNRG-MS/hci/hci_tl_patterns/Basic/hci_tl.h:22:0,
                 from ../Middlewares/ST/BlueNRG-MS/includes/hci_const.h:14,
                 from C:/Users/Mateusz/STM32CubeIDE/GIT/remote-measurement-station/Common Source/Pin/SpecialTypes.h:12,
                 from C:/Users/Mateusz/STM32CubeIDE/GIT/remote-measurement-station/Common Source/Pin/station_specific.h:11,
                 from C:/Users/Mateusz/STM32CubeIDE/GIT/remote-measurement-station/Common Source/psrc/station_specific.c:7:
../BlueNRG-MS/Target/bluenrg_conf.h:36:0: warning: "DEBUG" redefined
 #define DEBUG      0
 
<command-line>:0:0: note: this is the location of the previous definition
C:/Users/Mateusz/STM32CubeIDE/GIT/remote-measurement-station/Common Source/psrc/ble_decode_callback.c: In function 'BLE_DECODE_GROUP_RESP':
In file included from ../Middlewares/ST/BlueNRG-MS/hci/hci_tl_patterns/Basic/hci_tl.h:22:0,
                 from ../Middlewares/ST/BlueNRG-MS/includes/hci_const.h:14,
                 from C:/Users/Mateusz/STM32CubeIDE/GIT/remote-measurement-station/Common Source/Pin/SpecialTypes.h:12,
                 from C:/Users/Mateusz/STM32CubeIDE/GIT/remote-measurement-station/Common Source/Pin/station_specific.h:11,
                 from ../Core/Src/main.c:27:
../BlueNRG-MS/Target/bluenrg_conf.h:36:0: warning: "DEBUG" redefined
 #define DEBUG      0
 
<command-line>:0:0: note: this is the location of the previous definition
C:/Users/Mateusz/STM32CubeIDE/GIT/remote-measurement-station/Common Source/psrc/ble_decode_callback.c:279:6: warning: assignment from incompatible pointer type [-Wincompatible-pointer-types]
   c2 = cc;
      ^
C:/Users/Mateusz/STM32CubeIDE/GIT/remote-measurement-station/Common Source/psrc/ble_decode_callback.c:247:10: warning: unused variable 'BLE_UUID_DATA' [-Wunused-variable]
  uint8_t BLE_UUID_DATA;
          ^~~~~~~~~~~~~
C:/Users/Mateusz/STM32CubeIDE/GIT/remote-measurement-station/Common Source/psrc/ble_decode_callback.c: In function 'BLE_ADV_REPORT_CALLBACK':
C:/Users/Mateusz/STM32CubeIDE/GIT/remote-measurement-station/Common Source/psrc/ble_decode_callback.c:420:14: warning: assignment from incompatible pointer type [-Wincompatible-pointer-types]
  Temp_BdAddr = &cc->bdaddr;
              ^
C:/Users/Mateusz/STM32CubeIDE/GIT/remote-measurement-station/Common Source/psrc/ble_decode_callback.c: In function 'BLE_EVNT_CALLBACK':
C:/Users/Mateusz/STM32CubeIDE/GIT/remote-measurement-station/Common Source/psrc/ble_decode_callback.c:567:30: warning: unused variable 'cc' [-Wunused-variable]
        evt_disconn_complete *cc = (void *)event_pckt->data;
                              ^~
C:/Users/Mateusz/STM32CubeIDE/GIT/remote-measurement-station/Common Source/psrc/ble_decode_callback.c:631:30: warning: unused variable 'cc' [-Wunused-variable]
         evt_gatt_error_resp *cc = (void*)blue_evt->data;
                              ^~
C:/Users/Mateusz/STM32CubeIDE/GIT/remote-measurement-station/Common Source/psrc/ble_decode_callback.c:658:33: warning: unused variable 'cc' [-Wunused-variable]
         evt_att_read_mult_resp *cc = (void*)blue_evt->data;
                                 ^~
C:/Users/Mateusz/STM32CubeIDE/GIT/remote-measurement-station/Common Source/psrc/ble_decode_callback.c:673:37: warning: unused variable 'cc' [-Wunused-variable]
         evt_gatt_attr_notification *cc = (void*)blue_evt->data;
                                     ^~
C:/Users/Mateusz/STM32CubeIDE/GIT/remote-measurement-station/Common Source/psrc/ble_decode_callback.c: In function 'BLE_INIT_SPEC':
C:/Users/Mateusz/STM32CubeIDE/GIT/remote-measurement-station/Common Source/psrc/ble_decode_callback.c:927:3: warning: unused variable 'uname' [-Wunused-variable]
  }uname = {.sname = sname};
   ^~~~~
arm-none-eabi-gcc "../Core/Src/syscalls.c" -mcpu=cortex-m4 -std=gnu11 -g3 '-DUSE_HAL_UART_REGISTER_CALLBACKS=1' -DUSE_HAL_DRIVER -DSTM32F401xE -DDEBUG -c -I../Middlewares/ST/BlueNRG-MS/hci/hci_tl_patterns/Basic -I../Middlewares/ST/BlueNRG-MS/includes -I../Drivers/CMSIS/Include -I../Drivers/STM32F4xx_HAL_Driver/Inc -I../Core/Inc -I../BlueNRG-MS/Target -I../Drivers/CMSIS/Device/ST/STM32F4xx/Include -I../Middlewares/ST/BlueNRG-MS/utils -I../Drivers/STM32F4xx_HAL_Driver/Inc/Legacy -I"C:/Users/Mateusz/STM32CubeIDE/GIT/remote-measurement-station/Common Source/Pin" -I"C:/Users/Mateusz/STM32CubeIDE/GIT/remote-measurement-station/Common Source/Pin" -I"C:/Users/Mateusz/STM32CubeIDE/GIT/remote-measurement-station/Common Source/psrc" -O0 -ffunction-sections -fdata-sections -Wall -fstack-usage -MMD -MP -MF"Core/Src/syscalls.d" -MT"Core/Src/syscalls.o" --specs=nano.specs -mfpu=fpv4-sp-d16 -mfloat-abi=hard -mthumb -o "Core/Src/syscalls.o"
arm-none-eabi-gcc "../Core/Src/sysmem.c" -mcpu=cortex-m4 -std=gnu11 -g3 '-DUSE_HAL_UART_REGISTER_CALLBACKS=1' -DUSE_HAL_DRIVER -DSTM32F401xE -DDEBUG -c -I../Middlewares/ST/BlueNRG-MS/hci/hci_tl_patterns/Basic -I../Middlewares/ST/BlueNRG-MS/includes -I../Drivers/CMSIS/Include -I../Drivers/STM32F4xx_HAL_Driver/Inc -I../Core/Inc -I../BlueNRG-MS/Target -I../Drivers/CMSIS/Device/ST/STM32F4xx/Include -I../Middlewares/ST/BlueNRG-MS/utils -I../Drivers/STM32F4xx_HAL_Driver/Inc/Legacy -I"C:/Users/Mateusz/STM32CubeIDE/GIT/remote-measurement-station/Common Source/Pin" -I"C:/Users/Mateusz/STM32CubeIDE/GIT/remote-measurement-station/Common Source/Pin" -I"C:/Users/Mateusz/STM32CubeIDE/GIT/remote-measurement-station/Common Source/psrc" -O0 -ffunction-sections -fdata-sections -Wall -fstack-usage -MMD -MP -MF"Core/Src/sysmem.d" -MT"Core/Src/sysmem.o" --specs=nano.specs -mfpu=fpv4-sp-d16 -mfloat-abi=hard -mthumb -o "Core/Src/sysmem.o"
C:/Users/Mateusz/STM32CubeIDE/GIT/remote-measurement-station/Common Source/psrc/station_specific.c: In function 'Data_Recv_Single':
C:/Users/Mateusz/STM32CubeIDE/GIT/remote-measurement-station/Common Source/psrc/station_specific.c:397:26: warning: format '%d' expects argument of type 'int', but argument 3 has type 'int32_t {aka long int}' [-Wformat=]
  len = sprintf(Message,"%d %d %d\n", paData->x, paData->y,paData->z);
                         ~^           ~~~~~~~~~
                         %ld
C:/Users/Mateusz/STM32CubeIDE/GIT/remote-measurement-station/Common Source/psrc/station_specific.c:397:29: warning: format '%d' expects argument of type 'int', but argument 4 has type 'int32_t {aka long int}' [-Wformat=]
  len = sprintf(Message,"%d %d %d\n", paData->x, paData->y,paData->z);
                            ~^                   ~~~~~~~~~
                            %ld
C:/Users/Mateusz/STM32CubeIDE/GIT/remote-measurement-station/Common Source/psrc/station_specific.c:397:32: warning: format '%d' expects argument of type 'int', but argument 5 has type 'int32_t {aka long int}' [-Wformat=]
  len = sprintf(Message,"%d %d %d\n", paData->x, paData->y,paData->z);
                               ~^                          ~~~~~~~~~
                               %ld
arm-none-eabi-gcc "../Core/Src/system_stm32f4xx.c" -mcpu=cortex-m4 -std=gnu11 -g3 '-DUSE_HAL_UART_REGISTER_CALLBACKS=1' -DUSE_HAL_DRIVER -DSTM32F401xE -DDEBUG -c -I../Middlewares/ST/BlueNRG-MS/hci/hci_tl_patterns/Basic -I../Middlewares/ST/BlueNRG-MS/includes -I../Drivers/CMSIS/Include -I../Drivers/STM32F4xx_HAL_Driver/Inc -I../Core/Inc -I../BlueNRG-MS/Target -I../Drivers/CMSIS/Device/ST/STM32F4xx/Include -I../Middlewares/ST/BlueNRG-MS/utils -I../Drivers/STM32F4xx_HAL_Driver/Inc/Legacy -I"C:/Users/Mateusz/STM32CubeIDE/GIT/remote-measurement-station/Common Source/Pin" -I"C:/Users/Mateusz/STM32CubeIDE/GIT/remote-measurement-station/Common Source/Pin" -I"C:/Users/Mateusz/STM32CubeIDE/GIT/remote-measurement-station/Common Source/psrc" -O0 -ffunction-sections -fdata-sections -Wall -fstack-usage -MMD -MP -MF"Core/Src/system_stm32f4xx.d" -MT"Core/Src/system_stm32f4xx.o" --specs=nano.specs -mfpu=fpv4-sp-d16 -mfloat-abi=hard -mthumb -o "Core/Src/system_stm32f4xx.o"
arm-none-eabi-gcc "../BlueNRG-MS/Target/hci_tl_interface.c" -mcpu=cortex-m4 -std=gnu11 -g3 '-DUSE_HAL_UART_REGISTER_CALLBACKS=1' -DUSE_HAL_DRIVER -DSTM32F401xE -DDEBUG -c -I../Middlewares/ST/BlueNRG-MS/hci/hci_tl_patterns/Basic -I../Middlewares/ST/BlueNRG-MS/includes -I../Drivers/CMSIS/Include -I../Drivers/STM32F4xx_HAL_Driver/Inc -I../Core/Inc -I../BlueNRG-MS/Target -I../Drivers/CMSIS/Device/ST/STM32F4xx/Include -I../Middlewares/ST/BlueNRG-MS/utils -I../Drivers/STM32F4xx_HAL_Driver/Inc/Legacy -I"C:/Users/Mateusz/STM32CubeIDE/GIT/remote-measurement-station/Common Source/Pin" -I"C:/Users/Mateusz/STM32CubeIDE/GIT/remote-measurement-station/Common Source/Pin" -I"C:/Users/Mateusz/STM32CubeIDE/GIT/remote-measurement-station/Common Source/psrc" -O0 -ffunction-sections -fdata-sections -Wall -fstack-usage -MMD -MP -MF"BlueNRG-MS/Target/hci_tl_interface.d" -MT"BlueNRG-MS/Target/hci_tl_interface.o" --specs=nano.specs -mfpu=fpv4-sp-d16 -mfloat-abi=hard -mthumb -o "BlueNRG-MS/Target/hci_tl_interface.o"
In file included from ../Middlewares/ST/BlueNRG-MS/hci/hci_tl_patterns/Basic/hci_tl.h:22:0,
                 from ../BlueNRG-MS/Target/hci_tl_interface.c:27:
../BlueNRG-MS/Target/bluenrg_conf.h:36:0: warning: "DEBUG" redefined
 #define DEBUG      0
 
<command-line>:0:0: note: this is the location of the previous definition
arm-none-eabi-g++ -o "P_INZ.elf" @"objects.list"   -mcpu=cortex-m4 -T"C:\Users\Mateusz\STM32CubeIDE\GIT\remote-measurement-station\P_INZ\STM32F401RETX_FLASH.ld" --specs=nosys.specs -Wl,-Map="P_INZ.map" -Wl,--gc-sections -static --specs=nano.specs -mfpu=fpv4-sp-d16 -mfloat-abi=hard -mthumb -Wl,--start-group -lc -lm -lstdc++ -lsupc++ -Wl,--end-group
Finished building target: P_INZ.elf
 
arm-none-eabi-size   P_INZ.elf 
arm-none-eabi-objdump -h -S  P_INZ.elf  > "P_INZ.list"
arm-none-eabi-objcopy  -O binary  P_INZ.elf  "P_INZ.bin"
   text	   data	    bss	    dec	    hex	filename
  30432	    688	   3528	  34648	   8758	P_INZ.elf
Finished building: default.size.stdout
 
Finished building: P_INZ.bin
 
Finished building: P_INZ.list
 

02:04:11 Build Finished. 0 errors, 24 warnings. (took 7s.121ms)

