22:32:04 **** Incremental Build of configuration Debug for project STSW-STLKT01-BLE_SampleApp ****
make -j8 all 
arm-none-eabi-gcc "C:/Users/Mateusz/Downloads/en.stsw-stlkt01/STSW-STLKT01_V2.4.0/Middlewares/ST/BlueNRG-MS/utils/ble_list.c" -mcpu=cortex-m4 -std=gnu11 -g -DUSE_HAL_DRIVER -DSTM32_SENSORTILE -DSTM32L476xx -DUSE_STM32L4XX_NUCLEO -c -I../../../Inc -I../../../../../../../Drivers/CMSIS/Device/ST/STM32L4xx/Include -I../../../../../../../Drivers/STM32L4xx_HAL_Driver/Inc -I../../../../../../../Drivers/BSP/SensorTile -I../../../../../../../Drivers/CMSIS/Include -I../../../../../../../Drivers/BSP/Components/Common -I../../../../../../../Drivers/BSP/Components/hts221 -I../../../../../../../Drivers/BSP/Components/lps22hb -I../../../../../../../Middlewares/ST/STM32_USB_Device_Library/Class/CDC/Inc -I../../../../../../../Middlewares/ST/STM32_USB_Device_Library/Core/Inc -I../../../../../../../Middlewares/ST/BlueNRG-MS/includes -I../../../../../../../Middlewares/ST/BlueNRG-MS/utils -I../../../../../../../Middlewares/ST/BlueNRG-MS/hci/hci_tl_patterns/Basic -Og -ffunction-sections -Wall -fstack-usage -MMD -MP -MF"Middlewares/X-CUBE-BLE1_BlueNRG-MS/utils/ble_list.d" -MT"Middlewares/X-CUBE-BLE1_BlueNRG-MS/utils/ble_list.o" --specs=nano.specs -mfpu=fpv4-sp-d16 -mfloat-abi=hard -mthumb -o "Middlewares/X-CUBE-BLE1_BlueNRG-MS/utils/ble_list.o"
arm-none-eabi-gcc "C:/Users/Mateusz/Downloads/en.stsw-stlkt01/STSW-STLKT01_V2.4.0/Middlewares/ST/BlueNRG-MS/hci/hci_tl_patterns/Basic/hci_tl.c" -mcpu=cortex-m4 -std=gnu11 -g -DUSE_HAL_DRIVER -DSTM32_SENSORTILE -DSTM32L476xx -DUSE_STM32L4XX_NUCLEO -c -I../../../Inc -I../../../../../../../Drivers/CMSIS/Device/ST/STM32L4xx/Include -I../../../../../../../Drivers/STM32L4xx_HAL_Driver/Inc -I../../../../../../../Drivers/BSP/SensorTile -I../../../../../../../Drivers/CMSIS/Include -I../../../../../../../Drivers/BSP/Components/Common -I../../../../../../../Drivers/BSP/Components/hts221 -I../../../../../../../Drivers/BSP/Components/lps22hb -I../../../../../../../Middlewares/ST/STM32_USB_Device_Library/Class/CDC/Inc -I../../../../../../../Middlewares/ST/STM32_USB_Device_Library/Core/Inc -I../../../../../../../Middlewares/ST/BlueNRG-MS/includes -I../../../../../../../Middlewares/ST/BlueNRG-MS/utils -I../../../../../../../Middlewares/ST/BlueNRG-MS/hci/hci_tl_patterns/Basic -Og -ffunction-sections -Wall -fstack-usage -MMD -MP -MF"Middlewares/X-CUBE-BLE1_BlueNRG-MS/hci/hci_tl_patterns/Basic/hci_tl.d" -MT"Middlewares/X-CUBE-BLE1_BlueNRG-MS/hci/hci_tl_patterns/Basic/hci_tl.o" --specs=nano.specs -mfpu=fpv4-sp-d16 -mfloat-abi=hard -mthumb -o "Middlewares/X-CUBE-BLE1_BlueNRG-MS/hci/hci_tl_patterns/Basic/hci_tl.o"
arm-none-eabi-gcc "C:/Users/Mateusz/Downloads/en.stsw-stlkt01/STSW-STLKT01_V2.4.0/Middlewares/ST/BlueNRG-MS/hci/controller/bluenrg_gap_aci.c" -mcpu=cortex-m4 -std=gnu11 -g -DUSE_HAL_DRIVER -DSTM32_SENSORTILE -DSTM32L476xx -DUSE_STM32L4XX_NUCLEO -c -I../../../Inc -I../../../../../../../Drivers/CMSIS/Device/ST/STM32L4xx/Include -I../../../../../../../Drivers/STM32L4xx_HAL_Driver/Inc -I../../../../../../../Drivers/BSP/SensorTile -I../../../../../../../Drivers/CMSIS/Include -I../../../../../../../Drivers/BSP/Components/Common -I../../../../../../../Drivers/BSP/Components/hts221 -I../../../../../../../Drivers/BSP/Components/lps22hb -I../../../../../../../Middlewares/ST/STM32_USB_Device_Library/Class/CDC/Inc -I../../../../../../../Middlewares/ST/STM32_USB_Device_Library/Core/Inc -I../../../../../../../Middlewares/ST/BlueNRG-MS/includes -I../../../../../../../Middlewares/ST/BlueNRG-MS/utils -I../../../../../../../Middlewares/ST/BlueNRG-MS/hci/hci_tl_patterns/Basic -Og -ffunction-sections -Wall -fstack-usage -MMD -MP -MF"Middlewares/X-CUBE-BLE1_BlueNRG-MS/hci/controller/bluenrg_gap_aci.d" -MT"Middlewares/X-CUBE-BLE1_BlueNRG-MS/hci/controller/bluenrg_gap_aci.o" --specs=nano.specs -mfpu=fpv4-sp-d16 -mfloat-abi=hard -mthumb -o "Middlewares/X-CUBE-BLE1_BlueNRG-MS/hci/controller/bluenrg_gap_aci.o"
arm-none-eabi-gcc "C:/Users/Mateusz/Downloads/en.stsw-stlkt01/STSW-STLKT01_V2.4.0/Middlewares/ST/BlueNRG-MS/hci/controller/bluenrg_gatt_aci.c" -mcpu=cortex-m4 -std=gnu11 -g -DUSE_HAL_DRIVER -DSTM32_SENSORTILE -DSTM32L476xx -DUSE_STM32L4XX_NUCLEO -c -I../../../Inc -I../../../../../../../Drivers/CMSIS/Device/ST/STM32L4xx/Include -I../../../../../../../Drivers/STM32L4xx_HAL_Driver/Inc -I../../../../../../../Drivers/BSP/SensorTile -I../../../../../../../Drivers/CMSIS/Include -I../../../../../../../Drivers/BSP/Components/Common -I../../../../../../../Drivers/BSP/Components/hts221 -I../../../../../../../Drivers/BSP/Components/lps22hb -I../../../../../../../Middlewares/ST/STM32_USB_Device_Library/Class/CDC/Inc -I../../../../../../../Middlewares/ST/STM32_USB_Device_Library/Core/Inc -I../../../../../../../Middlewares/ST/BlueNRG-MS/includes -I../../../../../../../Middlewares/ST/BlueNRG-MS/utils -I../../../../../../../Middlewares/ST/BlueNRG-MS/hci/hci_tl_patterns/Basic -Og -ffunction-sections -Wall -fstack-usage -MMD -MP -MF"Middlewares/X-CUBE-BLE1_BlueNRG-MS/hci/controller/bluenrg_gatt_aci.d" -MT"Middlewares/X-CUBE-BLE1_BlueNRG-MS/hci/controller/bluenrg_gatt_aci.o" --specs=nano.specs -mfpu=fpv4-sp-d16 -mfloat-abi=hard -mthumb -o "Middlewares/X-CUBE-BLE1_BlueNRG-MS/hci/controller/bluenrg_gatt_aci.o"
arm-none-eabi-gcc "C:/Users/Mateusz/Downloads/en.stsw-stlkt01/STSW-STLKT01_V2.4.0/Middlewares/ST/BlueNRG-MS/hci/controller/bluenrg_hal_aci.c" -mcpu=cortex-m4 -std=gnu11 -g -DUSE_HAL_DRIVER -DSTM32_SENSORTILE -DSTM32L476xx -DUSE_STM32L4XX_NUCLEO -c -I../../../Inc -I../../../../../../../Drivers/CMSIS/Device/ST/STM32L4xx/Include -I../../../../../../../Drivers/STM32L4xx_HAL_Driver/Inc -I../../../../../../../Drivers/BSP/SensorTile -I../../../../../../../Drivers/CMSIS/Include -I../../../../../../../Drivers/BSP/Components/Common -I../../../../../../../Drivers/BSP/Components/hts221 -I../../../../../../../Drivers/BSP/Components/lps22hb -I../../../../../../../Middlewares/ST/STM32_USB_Device_Library/Class/CDC/Inc -I../../../../../../../Middlewares/ST/STM32_USB_Device_Library/Core/Inc -I../../../../../../../Middlewares/ST/BlueNRG-MS/includes -I../../../../../../../Middlewares/ST/BlueNRG-MS/utils -I../../../../../../../Middlewares/ST/BlueNRG-MS/hci/hci_tl_patterns/Basic -Og -ffunction-sections -Wall -fstack-usage -MMD -MP -MF"Middlewares/X-CUBE-BLE1_BlueNRG-MS/hci/controller/bluenrg_hal_aci.d" -MT"Middlewares/X-CUBE-BLE1_BlueNRG-MS/hci/controller/bluenrg_hal_aci.o" --specs=nano.specs -mfpu=fpv4-sp-d16 -mfloat-abi=hard -mthumb -o "Middlewares/X-CUBE-BLE1_BlueNRG-MS/hci/controller/bluenrg_hal_aci.o"
arm-none-eabi-gcc "C:/Users/Mateusz/Downloads/en.stsw-stlkt01/STSW-STLKT01_V2.4.0/Middlewares/ST/BlueNRG-MS/hci/controller/bluenrg_l2cap_aci.c" -mcpu=cortex-m4 -std=gnu11 -g -DUSE_HAL_DRIVER -DSTM32_SENSORTILE -DSTM32L476xx -DUSE_STM32L4XX_NUCLEO -c -I../../../Inc -I../../../../../../../Drivers/CMSIS/Device/ST/STM32L4xx/Include -I../../../../../../../Drivers/STM32L4xx_HAL_Driver/Inc -I../../../../../../../Drivers/BSP/SensorTile -I../../../../../../../Drivers/CMSIS/Include -I../../../../../../../Drivers/BSP/Components/Common -I../../../../../../../Drivers/BSP/Components/hts221 -I../../../../../../../Drivers/BSP/Components/lps22hb -I../../../../../../../Middlewares/ST/STM32_USB_Device_Library/Class/CDC/Inc -I../../../../../../../Middlewares/ST/STM32_USB_Device_Library/Core/Inc -I../../../../../../../Middlewares/ST/BlueNRG-MS/includes -I../../../../../../../Middlewares/ST/BlueNRG-MS/utils -I../../../../../../../Middlewares/ST/BlueNRG-MS/hci/hci_tl_patterns/Basic -Og -ffunction-sections -Wall -fstack-usage -MMD -MP -MF"Middlewares/X-CUBE-BLE1_BlueNRG-MS/hci/controller/bluenrg_l2cap_aci.d" -MT"Middlewares/X-CUBE-BLE1_BlueNRG-MS/hci/controller/bluenrg_l2cap_aci.o" --specs=nano.specs -mfpu=fpv4-sp-d16 -mfloat-abi=hard -mthumb -o "Middlewares/X-CUBE-BLE1_BlueNRG-MS/hci/controller/bluenrg_l2cap_aci.o"
arm-none-eabi-gcc "C:/Users/Mateusz/Downloads/en.stsw-stlkt01/STSW-STLKT01_V2.4.0/Middlewares/ST/BlueNRG-MS/hci/controller/bluenrg_updater_aci.c" -mcpu=cortex-m4 -std=gnu11 -g -DUSE_HAL_DRIVER -DSTM32_SENSORTILE -DSTM32L476xx -DUSE_STM32L4XX_NUCLEO -c -I../../../Inc -I../../../../../../../Drivers/CMSIS/Device/ST/STM32L4xx/Include -I../../../../../../../Drivers/STM32L4xx_HAL_Driver/Inc -I../../../../../../../Drivers/BSP/SensorTile -I../../../../../../../Drivers/CMSIS/Include -I../../../../../../../Drivers/BSP/Components/Common -I../../../../../../../Drivers/BSP/Components/hts221 -I../../../../../../../Drivers/BSP/Components/lps22hb -I../../../../../../../Middlewares/ST/STM32_USB_Device_Library/Class/CDC/Inc -I../../../../../../../Middlewares/ST/STM32_USB_Device_Library/Core/Inc -I../../../../../../../Middlewares/ST/BlueNRG-MS/includes -I../../../../../../../Middlewares/ST/BlueNRG-MS/utils -I../../../../../../../Middlewares/ST/BlueNRG-MS/hci/hci_tl_patterns/Basic -Og -ffunction-sections -Wall -fstack-usage -MMD -MP -MF"Middlewares/X-CUBE-BLE1_BlueNRG-MS/hci/controller/bluenrg_updater_aci.d" -MT"Middlewares/X-CUBE-BLE1_BlueNRG-MS/hci/controller/bluenrg_updater_aci.o" --specs=nano.specs -mfpu=fpv4-sp-d16 -mfloat-abi=hard -mthumb -o "Middlewares/X-CUBE-BLE1_BlueNRG-MS/hci/controller/bluenrg_updater_aci.o"
arm-none-eabi-gcc "C:/Users/Mateusz/Downloads/en.stsw-stlkt01/STSW-STLKT01_V2.4.0/Middlewares/ST/BlueNRG-MS/hci/controller/bluenrg_utils_small.c" -mcpu=cortex-m4 -std=gnu11 -g -DUSE_HAL_DRIVER -DSTM32_SENSORTILE -DSTM32L476xx -DUSE_STM32L4XX_NUCLEO -c -I../../../Inc -I../../../../../../../Drivers/CMSIS/Device/ST/STM32L4xx/Include -I../../../../../../../Drivers/STM32L4xx_HAL_Driver/Inc -I../../../../../../../Drivers/BSP/SensorTile -I../../../../../../../Drivers/CMSIS/Include -I../../../../../../../Drivers/BSP/Components/Common -I../../../../../../../Drivers/BSP/Components/hts221 -I../../../../../../../Drivers/BSP/Components/lps22hb -I../../../../../../../Middlewares/ST/STM32_USB_Device_Library/Class/CDC/Inc -I../../../../../../../Middlewares/ST/STM32_USB_Device_Library/Core/Inc -I../../../../../../../Middlewares/ST/BlueNRG-MS/includes -I../../../../../../../Middlewares/ST/BlueNRG-MS/utils -I../../../../../../../Middlewares/ST/BlueNRG-MS/hci/hci_tl_patterns/Basic -Og -ffunction-sections -Wall -fstack-usage -MMD -MP -MF"Middlewares/X-CUBE-BLE1_BlueNRG-MS/hci/controller/bluenrg_utils_small.d" -MT"Middlewares/X-CUBE-BLE1_BlueNRG-MS/hci/controller/bluenrg_utils_small.o" --specs=nano.specs -mfpu=fpv4-sp-d16 -mfloat-abi=hard -mthumb -o "Middlewares/X-CUBE-BLE1_BlueNRG-MS/hci/controller/bluenrg_utils_small.o"
arm-none-eabi-gcc "C:/Users/Mateusz/Downloads/en.stsw-stlkt01/STSW-STLKT01_V2.4.0/Middlewares/ST/BlueNRG-MS/hci/hci_le.c" -mcpu=cortex-m4 -std=gnu11 -g -DUSE_HAL_DRIVER -DSTM32_SENSORTILE -DSTM32L476xx -DUSE_STM32L4XX_NUCLEO -c -I../../../Inc -I../../../../../../../Drivers/CMSIS/Device/ST/STM32L4xx/Include -I../../../../../../../Drivers/STM32L4xx_HAL_Driver/Inc -I../../../../../../../Drivers/BSP/SensorTile -I../../../../../../../Drivers/CMSIS/Include -I../../../../../../../Drivers/BSP/Components/Common -I../../../../../../../Drivers/BSP/Components/hts221 -I../../../../../../../Drivers/BSP/Components/lps22hb -I../../../../../../../Middlewares/ST/STM32_USB_Device_Library/Class/CDC/Inc -I../../../../../../../Middlewares/ST/STM32_USB_Device_Library/Core/Inc -I../../../../../../../Middlewares/ST/BlueNRG-MS/includes -I../../../../../../../Middlewares/ST/BlueNRG-MS/utils -I../../../../../../../Middlewares/ST/BlueNRG-MS/hci/hci_tl_patterns/Basic -Og -ffunction-sections -Wall -fstack-usage -MMD -MP -MF"Middlewares/X-CUBE-BLE1_BlueNRG-MS/hci/hci_le.d" -MT"Middlewares/X-CUBE-BLE1_BlueNRG-MS/hci/hci_le.o" --specs=nano.specs -mfpu=fpv4-sp-d16 -mfloat-abi=hard -mthumb -o "Middlewares/X-CUBE-BLE1_BlueNRG-MS/hci/hci_le.o"
arm-none-eabi-gcc "C:/Users/Mateusz/Downloads/en.stsw-stlkt01/STSW-STLKT01_V2.4.0/Middlewares/ST/STM32_USB_Device_Library/Core/Src/usbd_core.c" -mcpu=cortex-m4 -std=gnu11 -g -DUSE_HAL_DRIVER -DSTM32_SENSORTILE -DSTM32L476xx -DUSE_STM32L4XX_NUCLEO -c -I../../../Inc -I../../../../../../../Drivers/CMSIS/Device/ST/STM32L4xx/Include -I../../../../../../../Drivers/STM32L4xx_HAL_Driver/Inc -I../../../../../../../Drivers/BSP/SensorTile -I../../../../../../../Drivers/CMSIS/Include -I../../../../../../../Drivers/BSP/Components/Common -I../../../../../../../Drivers/BSP/Components/hts221 -I../../../../../../../Drivers/BSP/Components/lps22hb -I../../../../../../../Middlewares/ST/STM32_USB_Device_Library/Class/CDC/Inc -I../../../../../../../Middlewares/ST/STM32_USB_Device_Library/Core/Inc -I../../../../../../../Middlewares/ST/BlueNRG-MS/includes -I../../../../../../../Middlewares/ST/BlueNRG-MS/utils -I../../../../../../../Middlewares/ST/BlueNRG-MS/hci/hci_tl_patterns/Basic -Og -ffunction-sections -Wall -fstack-usage -MMD -MP -MF"Middlewares/STM32_USBD_Library/Core/usbd_core.d" -MT"Middlewares/STM32_USBD_Library/Core/usbd_core.o" --specs=nano.specs -mfpu=fpv4-sp-d16 -mfloat-abi=hard -mthumb -o "Middlewares/STM32_USBD_Library/Core/usbd_core.o"
arm-none-eabi-gcc "C:/Users/Mateusz/Downloads/en.stsw-stlkt01/STSW-STLKT01_V2.4.0/Middlewares/ST/STM32_USB_Device_Library/Core/Src/usbd_ctlreq.c" -mcpu=cortex-m4 -std=gnu11 -g -DUSE_HAL_DRIVER -DSTM32_SENSORTILE -DSTM32L476xx -DUSE_STM32L4XX_NUCLEO -c -I../../../Inc -I../../../../../../../Drivers/CMSIS/Device/ST/STM32L4xx/Include -I../../../../../../../Drivers/STM32L4xx_HAL_Driver/Inc -I../../../../../../../Drivers/BSP/SensorTile -I../../../../../../../Drivers/CMSIS/Include -I../../../../../../../Drivers/BSP/Components/Common -I../../../../../../../Drivers/BSP/Components/hts221 -I../../../../../../../Drivers/BSP/Components/lps22hb -I../../../../../../../Middlewares/ST/STM32_USB_Device_Library/Class/CDC/Inc -I../../../../../../../Middlewares/ST/STM32_USB_Device_Library/Core/Inc -I../../../../../../../Middlewares/ST/BlueNRG-MS/includes -I../../../../../../../Middlewares/ST/BlueNRG-MS/utils -I../../../../../../../Middlewares/ST/BlueNRG-MS/hci/hci_tl_patterns/Basic -Og -ffunction-sections -Wall -fstack-usage -MMD -MP -MF"Middlewares/STM32_USBD_Library/Core/usbd_ctlreq.d" -MT"Middlewares/STM32_USBD_Library/Core/usbd_ctlreq.o" --specs=nano.specs -mfpu=fpv4-sp-d16 -mfloat-abi=hard -mthumb -o "Middlewares/STM32_USBD_Library/Core/usbd_ctlreq.o"
arm-none-eabi-gcc "C:/Users/Mateusz/Downloads/en.stsw-stlkt01/STSW-STLKT01_V2.4.0/Middlewares/ST/STM32_USB_Device_Library/Core/Src/usbd_ioreq.c" -mcpu=cortex-m4 -std=gnu11 -g -DUSE_HAL_DRIVER -DSTM32_SENSORTILE -DSTM32L476xx -DUSE_STM32L4XX_NUCLEO -c -I../../../Inc -I../../../../../../../Drivers/CMSIS/Device/ST/STM32L4xx/Include -I../../../../../../../Drivers/STM32L4xx_HAL_Driver/Inc -I../../../../../../../Drivers/BSP/SensorTile -I../../../../../../../Drivers/CMSIS/Include -I../../../../../../../Drivers/BSP/Components/Common -I../../../../../../../Drivers/BSP/Components/hts221 -I../../../../../../../Drivers/BSP/Components/lps22hb -I../../../../../../../Middlewares/ST/STM32_USB_Device_Library/Class/CDC/Inc -I../../../../../../../Middlewares/ST/STM32_USB_Device_Library/Core/Inc -I../../../../../../../Middlewares/ST/BlueNRG-MS/includes -I../../../../../../../Middlewares/ST/BlueNRG-MS/utils -I../../../../../../../Middlewares/ST/BlueNRG-MS/hci/hci_tl_patterns/Basic -Og -ffunction-sections -Wall -fstack-usage -MMD -MP -MF"Middlewares/STM32_USBD_Library/Core/usbd_ioreq.d" -MT"Middlewares/STM32_USBD_Library/Core/usbd_ioreq.o" --specs=nano.specs -mfpu=fpv4-sp-d16 -mfloat-abi=hard -mthumb -o "Middlewares/STM32_USBD_Library/Core/usbd_ioreq.o"
arm-none-eabi-gcc "C:/Users/Mateusz/Downloads/en.stsw-stlkt01/STSW-STLKT01_V2.4.0/Middlewares/ST/STM32_USB_Device_Library/Class/CDC/Src/usbd_cdc.c" -mcpu=cortex-m4 -std=gnu11 -g -DUSE_HAL_DRIVER -DSTM32_SENSORTILE -DSTM32L476xx -DUSE_STM32L4XX_NUCLEO -c -I../../../Inc -I../../../../../../../Drivers/CMSIS/Device/ST/STM32L4xx/Include -I../../../../../../../Drivers/STM32L4xx_HAL_Driver/Inc -I../../../../../../../Drivers/BSP/SensorTile -I../../../../../../../Drivers/CMSIS/Include -I../../../../../../../Drivers/BSP/Components/Common -I../../../../../../../Drivers/BSP/Components/hts221 -I../../../../../../../Drivers/BSP/Components/lps22hb -I../../../../../../../Middlewares/ST/STM32_USB_Device_Library/Class/CDC/Inc -I../../../../../../../Middlewares/ST/STM32_USB_Device_Library/Core/Inc -I../../../../../../../Middlewares/ST/BlueNRG-MS/includes -I../../../../../../../Middlewares/ST/BlueNRG-MS/utils -I../../../../../../../Middlewares/ST/BlueNRG-MS/hci/hci_tl_patterns/Basic -Og -ffunction-sections -Wall -fstack-usage -MMD -MP -MF"Middlewares/STM32_USBD_Library/Class/CDC/usbd_cdc.d" -MT"Middlewares/STM32_USBD_Library/Class/CDC/usbd_cdc.o" --specs=nano.specs -mfpu=fpv4-sp-d16 -mfloat-abi=hard -mthumb -o "Middlewares/STM32_USBD_Library/Class/CDC/usbd_cdc.o"
arm-none-eabi-gcc "C:/Users/Mateusz/Downloads/en.stsw-stlkt01/STSW-STLKT01_V2.4.0/Drivers/STM32L4xx_HAL_Driver/Src/stm32l4xx_hal.c" -mcpu=cortex-m4 -std=gnu11 -g -DUSE_HAL_DRIVER -DSTM32_SENSORTILE -DSTM32L476xx -DUSE_STM32L4XX_NUCLEO -c -I../../../Inc -I../../../../../../../Drivers/CMSIS/Device/ST/STM32L4xx/Include -I../../../../../../../Drivers/STM32L4xx_HAL_Driver/Inc -I../../../../../../../Drivers/BSP/SensorTile -I../../../../../../../Drivers/CMSIS/Include -I../../../../../../../Drivers/BSP/Components/Common -I../../../../../../../Drivers/BSP/Components/hts221 -I../../../../../../../Drivers/BSP/Components/lps22hb -I../../../../../../../Middlewares/ST/STM32_USB_Device_Library/Class/CDC/Inc -I../../../../../../../Middlewares/ST/STM32_USB_Device_Library/Core/Inc -I../../../../../../../Middlewares/ST/BlueNRG-MS/includes -I../../../../../../../Middlewares/ST/BlueNRG-MS/utils -I../../../../../../../Middlewares/ST/BlueNRG-MS/hci/hci_tl_patterns/Basic -Og -ffunction-sections -Wall -fstack-usage -MMD -MP -MF"Drivers/STM32L4xx_HAL_Driver/stm32l4xx_hal.d" -MT"Drivers/STM32L4xx_HAL_Driver/stm32l4xx_hal.o" --specs=nano.specs -mfpu=fpv4-sp-d16 -mfloat-abi=hard -mthumb -o "Drivers/STM32L4xx_HAL_Driver/stm32l4xx_hal.o"
arm-none-eabi-gcc "C:/Users/Mateusz/Downloads/en.stsw-stlkt01/STSW-STLKT01_V2.4.0/Drivers/STM32L4xx_HAL_Driver/Src/stm32l4xx_hal_adc.c" -mcpu=cortex-m4 -std=gnu11 -g -DUSE_HAL_DRIVER -DSTM32_SENSORTILE -DSTM32L476xx -DUSE_STM32L4XX_NUCLEO -c -I../../../Inc -I../../../../../../../Drivers/CMSIS/Device/ST/STM32L4xx/Include -I../../../../../../../Drivers/STM32L4xx_HAL_Driver/Inc -I../../../../../../../Drivers/BSP/SensorTile -I../../../../../../../Drivers/CMSIS/Include -I../../../../../../../Drivers/BSP/Components/Common -I../../../../../../../Drivers/BSP/Components/hts221 -I../../../../../../../Drivers/BSP/Components/lps22hb -I../../../../../../../Middlewares/ST/STM32_USB_Device_Library/Class/CDC/Inc -I../../../../../../../Middlewares/ST/STM32_USB_Device_Library/Core/Inc -I../../../../../../../Middlewares/ST/BlueNRG-MS/includes -I../../../../../../../Middlewares/ST/BlueNRG-MS/utils -I../../../../../../../Middlewares/ST/BlueNRG-MS/hci/hci_tl_patterns/Basic -Og -ffunction-sections -Wall -fstack-usage -MMD -MP -MF"Drivers/STM32L4xx_HAL_Driver/stm32l4xx_hal_adc.d" -MT"Drivers/STM32L4xx_HAL_Driver/stm32l4xx_hal_adc.o" --specs=nano.specs -mfpu=fpv4-sp-d16 -mfloat-abi=hard -mthumb -o "Drivers/STM32L4xx_HAL_Driver/stm32l4xx_hal_adc.o"
arm-none-eabi-gcc "C:/Users/Mateusz/Downloads/en.stsw-stlkt01/STSW-STLKT01_V2.4.0/Drivers/STM32L4xx_HAL_Driver/Src/stm32l4xx_hal_adc_ex.c" -mcpu=cortex-m4 -std=gnu11 -g -DUSE_HAL_DRIVER -DSTM32_SENSORTILE -DSTM32L476xx -DUSE_STM32L4XX_NUCLEO -c -I../../../Inc -I../../../../../../../Drivers/CMSIS/Device/ST/STM32L4xx/Include -I../../../../../../../Drivers/STM32L4xx_HAL_Driver/Inc -I../../../../../../../Drivers/BSP/SensorTile -I../../../../../../../Drivers/CMSIS/Include -I../../../../../../../Drivers/BSP/Components/Common -I../../../../../../../Drivers/BSP/Components/hts221 -I../../../../../../../Drivers/BSP/Components/lps22hb -I../../../../../../../Middlewares/ST/STM32_USB_Device_Library/Class/CDC/Inc -I../../../../../../../Middlewares/ST/STM32_USB_Device_Library/Core/Inc -I../../../../../../../Middlewares/ST/BlueNRG-MS/includes -I../../../../../../../Middlewares/ST/BlueNRG-MS/utils -I../../../../../../../Middlewares/ST/BlueNRG-MS/hci/hci_tl_patterns/Basic -Og -ffunction-sections -Wall -fstack-usage -MMD -MP -MF"Drivers/STM32L4xx_HAL_Driver/stm32l4xx_hal_adc_ex.d" -MT"Drivers/STM32L4xx_HAL_Driver/stm32l4xx_hal_adc_ex.o" --specs=nano.specs -mfpu=fpv4-sp-d16 -mfloat-abi=hard -mthumb -o "Drivers/STM32L4xx_HAL_Driver/stm32l4xx_hal_adc_ex.o"
arm-none-eabi-gcc "C:/Users/Mateusz/Downloads/en.stsw-stlkt01/STSW-STLKT01_V2.4.0/Drivers/STM32L4xx_HAL_Driver/Src/stm32l4xx_hal_cortex.c" -mcpu=cortex-m4 -std=gnu11 -g -DUSE_HAL_DRIVER -DSTM32_SENSORTILE -DSTM32L476xx -DUSE_STM32L4XX_NUCLEO -c -I../../../Inc -I../../../../../../../Drivers/CMSIS/Device/ST/STM32L4xx/Include -I../../../../../../../Drivers/STM32L4xx_HAL_Driver/Inc -I../../../../../../../Drivers/BSP/SensorTile -I../../../../../../../Drivers/CMSIS/Include -I../../../../../../../Drivers/BSP/Components/Common -I../../../../../../../Drivers/BSP/Components/hts221 -I../../../../../../../Drivers/BSP/Components/lps22hb -I../../../../../../../Middlewares/ST/STM32_USB_Device_Library/Class/CDC/Inc -I../../../../../../../Middlewares/ST/STM32_USB_Device_Library/Core/Inc -I../../../../../../../Middlewares/ST/BlueNRG-MS/includes -I../../../../../../../Middlewares/ST/BlueNRG-MS/utils -I../../../../../../../Middlewares/ST/BlueNRG-MS/hci/hci_tl_patterns/Basic -Og -ffunction-sections -Wall -fstack-usage -MMD -MP -MF"Drivers/STM32L4xx_HAL_Driver/stm32l4xx_hal_cortex.d" -MT"Drivers/STM32L4xx_HAL_Driver/stm32l4xx_hal_cortex.o" --specs=nano.specs -mfpu=fpv4-sp-d16 -mfloat-abi=hard -mthumb -o "Drivers/STM32L4xx_HAL_Driver/stm32l4xx_hal_cortex.o"
arm-none-eabi-gcc "C:/Users/Mateusz/Downloads/en.stsw-stlkt01/STSW-STLKT01_V2.4.0/Drivers/STM32L4xx_HAL_Driver/Src/stm32l4xx_hal_crc.c" -mcpu=cortex-m4 -std=gnu11 -g -DUSE_HAL_DRIVER -DSTM32_SENSORTILE -DSTM32L476xx -DUSE_STM32L4XX_NUCLEO -c -I../../../Inc -I../../../../../../../Drivers/CMSIS/Device/ST/STM32L4xx/Include -I../../../../../../../Drivers/STM32L4xx_HAL_Driver/Inc -I../../../../../../../Drivers/BSP/SensorTile -I../../../../../../../Drivers/CMSIS/Include -I../../../../../../../Drivers/BSP/Components/Common -I../../../../../../../Drivers/BSP/Components/hts221 -I../../../../../../../Drivers/BSP/Components/lps22hb -I../../../../../../../Middlewares/ST/STM32_USB_Device_Library/Class/CDC/Inc -I../../../../../../../Middlewares/ST/STM32_USB_Device_Library/Core/Inc -I../../../../../../../Middlewares/ST/BlueNRG-MS/includes -I../../../../../../../Middlewares/ST/BlueNRG-MS/utils -I../../../../../../../Middlewares/ST/BlueNRG-MS/hci/hci_tl_patterns/Basic -Og -ffunction-sections -Wall -fstack-usage -MMD -MP -MF"Drivers/STM32L4xx_HAL_Driver/stm32l4xx_hal_crc.d" -MT"Drivers/STM32L4xx_HAL_Driver/stm32l4xx_hal_crc.o" --specs=nano.specs -mfpu=fpv4-sp-d16 -mfloat-abi=hard -mthumb -o "Drivers/STM32L4xx_HAL_Driver/stm32l4xx_hal_crc.o"
arm-none-eabi-gcc "C:/Users/Mateusz/Downloads/en.stsw-stlkt01/STSW-STLKT01_V2.4.0/Drivers/STM32L4xx_HAL_Driver/Src/stm32l4xx_hal_crc_ex.c" -mcpu=cortex-m4 -std=gnu11 -g -DUSE_HAL_DRIVER -DSTM32_SENSORTILE -DSTM32L476xx -DUSE_STM32L4XX_NUCLEO -c -I../../../Inc -I../../../../../../../Drivers/CMSIS/Device/ST/STM32L4xx/Include -I../../../../../../../Drivers/STM32L4xx_HAL_Driver/Inc -I../../../../../../../Drivers/BSP/SensorTile -I../../../../../../../Drivers/CMSIS/Include -I../../../../../../../Drivers/BSP/Components/Common -I../../../../../../../Drivers/BSP/Components/hts221 -I../../../../../../../Drivers/BSP/Components/lps22hb -I../../../../../../../Middlewares/ST/STM32_USB_Device_Library/Class/CDC/Inc -I../../../../../../../Middlewares/ST/STM32_USB_Device_Library/Core/Inc -I../../../../../../../Middlewares/ST/BlueNRG-MS/includes -I../../../../../../../Middlewares/ST/BlueNRG-MS/utils -I../../../../../../../Middlewares/ST/BlueNRG-MS/hci/hci_tl_patterns/Basic -Og -ffunction-sections -Wall -fstack-usage -MMD -MP -MF"Drivers/STM32L4xx_HAL_Driver/stm32l4xx_hal_crc_ex.d" -MT"Drivers/STM32L4xx_HAL_Driver/stm32l4xx_hal_crc_ex.o" --specs=nano.specs -mfpu=fpv4-sp-d16 -mfloat-abi=hard -mthumb -o "Drivers/STM32L4xx_HAL_Driver/stm32l4xx_hal_crc_ex.o"
arm-none-eabi-gcc "C:/Users/Mateusz/Downloads/en.stsw-stlkt01/STSW-STLKT01_V2.4.0/Drivers/STM32L4xx_HAL_Driver/Src/stm32l4xx_hal_dma.c" -mcpu=cortex-m4 -std=gnu11 -g -DUSE_HAL_DRIVER -DSTM32_SENSORTILE -DSTM32L476xx -DUSE_STM32L4XX_NUCLEO -c -I../../../Inc -I../../../../../../../Drivers/CMSIS/Device/ST/STM32L4xx/Include -I../../../../../../../Drivers/STM32L4xx_HAL_Driver/Inc -I../../../../../../../Drivers/BSP/SensorTile -I../../../../../../../Drivers/CMSIS/Include -I../../../../../../../Drivers/BSP/Components/Common -I../../../../../../../Drivers/BSP/Components/hts221 -I../../../../../../../Drivers/BSP/Components/lps22hb -I../../../../../../../Middlewares/ST/STM32_USB_Device_Library/Class/CDC/Inc -I../../../../../../../Middlewares/ST/STM32_USB_Device_Library/Core/Inc -I../../../../../../../Middlewares/ST/BlueNRG-MS/includes -I../../../../../../../Middlewares/ST/BlueNRG-MS/utils -I../../../../../../../Middlewares/ST/BlueNRG-MS/hci/hci_tl_patterns/Basic -Og -ffunction-sections -Wall -fstack-usage -MMD -MP -MF"Drivers/STM32L4xx_HAL_Driver/stm32l4xx_hal_dma.d" -MT"Drivers/STM32L4xx_HAL_Driver/stm32l4xx_hal_dma.o" --specs=nano.specs -mfpu=fpv4-sp-d16 -mfloat-abi=hard -mthumb -o "Drivers/STM32L4xx_HAL_Driver/stm32l4xx_hal_dma.o"
arm-none-eabi-gcc "C:/Users/Mateusz/Downloads/en.stsw-stlkt01/STSW-STLKT01_V2.4.0/Drivers/STM32L4xx_HAL_Driver/Src/stm32l4xx_hal_exti.c" -mcpu=cortex-m4 -std=gnu11 -g -DUSE_HAL_DRIVER -DSTM32_SENSORTILE -DSTM32L476xx -DUSE_STM32L4XX_NUCLEO -c -I../../../Inc -I../../../../../../../Drivers/CMSIS/Device/ST/STM32L4xx/Include -I../../../../../../../Drivers/STM32L4xx_HAL_Driver/Inc -I../../../../../../../Drivers/BSP/SensorTile -I../../../../../../../Drivers/CMSIS/Include -I../../../../../../../Drivers/BSP/Components/Common -I../../../../../../../Drivers/BSP/Components/hts221 -I../../../../../../../Drivers/BSP/Components/lps22hb -I../../../../../../../Middlewares/ST/STM32_USB_Device_Library/Class/CDC/Inc -I../../../../../../../Middlewares/ST/STM32_USB_Device_Library/Core/Inc -I../../../../../../../Middlewares/ST/BlueNRG-MS/includes -I../../../../../../../Middlewares/ST/BlueNRG-MS/utils -I../../../../../../../Middlewares/ST/BlueNRG-MS/hci/hci_tl_patterns/Basic -Og -ffunction-sections -Wall -fstack-usage -MMD -MP -MF"Drivers/STM32L4xx_HAL_Driver/stm32l4xx_hal_exti.d" -MT"Drivers/STM32L4xx_HAL_Driver/stm32l4xx_hal_exti.o" --specs=nano.specs -mfpu=fpv4-sp-d16 -mfloat-abi=hard -mthumb -o "Drivers/STM32L4xx_HAL_Driver/stm32l4xx_hal_exti.o"
arm-none-eabi-gcc "C:/Users/Mateusz/Downloads/en.stsw-stlkt01/STSW-STLKT01_V2.4.0/Drivers/STM32L4xx_HAL_Driver/Src/stm32l4xx_hal_flash.c" -mcpu=cortex-m4 -std=gnu11 -g -DUSE_HAL_DRIVER -DSTM32_SENSORTILE -DSTM32L476xx -DUSE_STM32L4XX_NUCLEO -c -I../../../Inc -I../../../../../../../Drivers/CMSIS/Device/ST/STM32L4xx/Include -I../../../../../../../Drivers/STM32L4xx_HAL_Driver/Inc -I../../../../../../../Drivers/BSP/SensorTile -I../../../../../../../Drivers/CMSIS/Include -I../../../../../../../Drivers/BSP/Components/Common -I../../../../../../../Drivers/BSP/Components/hts221 -I../../../../../../../Drivers/BSP/Components/lps22hb -I../../../../../../../Middlewares/ST/STM32_USB_Device_Library/Class/CDC/Inc -I../../../../../../../Middlewares/ST/STM32_USB_Device_Library/Core/Inc -I../../../../../../../Middlewares/ST/BlueNRG-MS/includes -I../../../../../../../Middlewares/ST/BlueNRG-MS/utils -I../../../../../../../Middlewares/ST/BlueNRG-MS/hci/hci_tl_patterns/Basic -Og -ffunction-sections -Wall -fstack-usage -MMD -MP -MF"Drivers/STM32L4xx_HAL_Driver/stm32l4xx_hal_flash.d" -MT"Drivers/STM32L4xx_HAL_Driver/stm32l4xx_hal_flash.o" --specs=nano.specs -mfpu=fpv4-sp-d16 -mfloat-abi=hard -mthumb -o "Drivers/STM32L4xx_HAL_Driver/stm32l4xx_hal_flash.o"
arm-none-eabi-gcc "C:/Users/Mateusz/Downloads/en.stsw-stlkt01/STSW-STLKT01_V2.4.0/Drivers/STM32L4xx_HAL_Driver/Src/stm32l4xx_hal_flash_ex.c" -mcpu=cortex-m4 -std=gnu11 -g -DUSE_HAL_DRIVER -DSTM32_SENSORTILE -DSTM32L476xx -DUSE_STM32L4XX_NUCLEO -c -I../../../Inc -I../../../../../../../Drivers/CMSIS/Device/ST/STM32L4xx/Include -I../../../../../../../Drivers/STM32L4xx_HAL_Driver/Inc -I../../../../../../../Drivers/BSP/SensorTile -I../../../../../../../Drivers/CMSIS/Include -I../../../../../../../Drivers/BSP/Components/Common -I../../../../../../../Drivers/BSP/Components/hts221 -I../../../../../../../Drivers/BSP/Components/lps22hb -I../../../../../../../Middlewares/ST/STM32_USB_Device_Library/Class/CDC/Inc -I../../../../../../../Middlewares/ST/STM32_USB_Device_Library/Core/Inc -I../../../../../../../Middlewares/ST/BlueNRG-MS/includes -I../../../../../../../Middlewares/ST/BlueNRG-MS/utils -I../../../../../../../Middlewares/ST/BlueNRG-MS/hci/hci_tl_patterns/Basic -Og -ffunction-sections -Wall -fstack-usage -MMD -MP -MF"Drivers/STM32L4xx_HAL_Driver/stm32l4xx_hal_flash_ex.d" -MT"Drivers/STM32L4xx_HAL_Driver/stm32l4xx_hal_flash_ex.o" --specs=nano.specs -mfpu=fpv4-sp-d16 -mfloat-abi=hard -mthumb -o "Drivers/STM32L4xx_HAL_Driver/stm32l4xx_hal_flash_ex.o"
arm-none-eabi-gcc "C:/Users/Mateusz/Downloads/en.stsw-stlkt01/STSW-STLKT01_V2.4.0/Drivers/STM32L4xx_HAL_Driver/Src/stm32l4xx_hal_gpio.c" -mcpu=cortex-m4 -std=gnu11 -g -DUSE_HAL_DRIVER -DSTM32_SENSORTILE -DSTM32L476xx -DUSE_STM32L4XX_NUCLEO -c -I../../../Inc -I../../../../../../../Drivers/CMSIS/Device/ST/STM32L4xx/Include -I../../../../../../../Drivers/STM32L4xx_HAL_Driver/Inc -I../../../../../../../Drivers/BSP/SensorTile -I../../../../../../../Drivers/CMSIS/Include -I../../../../../../../Drivers/BSP/Components/Common -I../../../../../../../Drivers/BSP/Components/hts221 -I../../../../../../../Drivers/BSP/Components/lps22hb -I../../../../../../../Middlewares/ST/STM32_USB_Device_Library/Class/CDC/Inc -I../../../../../../../Middlewares/ST/STM32_USB_Device_Library/Core/Inc -I../../../../../../../Middlewares/ST/BlueNRG-MS/includes -I../../../../../../../Middlewares/ST/BlueNRG-MS/utils -I../../../../../../../Middlewares/ST/BlueNRG-MS/hci/hci_tl_patterns/Basic -Og -ffunction-sections -Wall -fstack-usage -MMD -MP -MF"Drivers/STM32L4xx_HAL_Driver/stm32l4xx_hal_gpio.d" -MT"Drivers/STM32L4xx_HAL_Driver/stm32l4xx_hal_gpio.o" --specs=nano.specs -mfpu=fpv4-sp-d16 -mfloat-abi=hard -mthumb -o "Drivers/STM32L4xx_HAL_Driver/stm32l4xx_hal_gpio.o"
arm-none-eabi-gcc "C:/Users/Mateusz/Downloads/en.stsw-stlkt01/STSW-STLKT01_V2.4.0/Drivers/STM32L4xx_HAL_Driver/Src/stm32l4xx_hal_i2c.c" -mcpu=cortex-m4 -std=gnu11 -g -DUSE_HAL_DRIVER -DSTM32_SENSORTILE -DSTM32L476xx -DUSE_STM32L4XX_NUCLEO -c -I../../../Inc -I../../../../../../../Drivers/CMSIS/Device/ST/STM32L4xx/Include -I../../../../../../../Drivers/STM32L4xx_HAL_Driver/Inc -I../../../../../../../Drivers/BSP/SensorTile -I../../../../../../../Drivers/CMSIS/Include -I../../../../../../../Drivers/BSP/Components/Common -I../../../../../../../Drivers/BSP/Components/hts221 -I../../../../../../../Drivers/BSP/Components/lps22hb -I../../../../../../../Middlewares/ST/STM32_USB_Device_Library/Class/CDC/Inc -I../../../../../../../Middlewares/ST/STM32_USB_Device_Library/Core/Inc -I../../../../../../../Middlewares/ST/BlueNRG-MS/includes -I../../../../../../../Middlewares/ST/BlueNRG-MS/utils -I../../../../../../../Middlewares/ST/BlueNRG-MS/hci/hci_tl_patterns/Basic -Og -ffunction-sections -Wall -fstack-usage -MMD -MP -MF"Drivers/STM32L4xx_HAL_Driver/stm32l4xx_hal_i2c.d" -MT"Drivers/STM32L4xx_HAL_Driver/stm32l4xx_hal_i2c.o" --specs=nano.specs -mfpu=fpv4-sp-d16 -mfloat-abi=hard -mthumb -o "Drivers/STM32L4xx_HAL_Driver/stm32l4xx_hal_i2c.o"
arm-none-eabi-gcc "C:/Users/Mateusz/Downloads/en.stsw-stlkt01/STSW-STLKT01_V2.4.0/Drivers/STM32L4xx_HAL_Driver/Src/stm32l4xx_hal_i2c_ex.c" -mcpu=cortex-m4 -std=gnu11 -g -DUSE_HAL_DRIVER -DSTM32_SENSORTILE -DSTM32L476xx -DUSE_STM32L4XX_NUCLEO -c -I../../../Inc -I../../../../../../../Drivers/CMSIS/Device/ST/STM32L4xx/Include -I../../../../../../../Drivers/STM32L4xx_HAL_Driver/Inc -I../../../../../../../Drivers/BSP/SensorTile -I../../../../../../../Drivers/CMSIS/Include -I../../../../../../../Drivers/BSP/Components/Common -I../../../../../../../Drivers/BSP/Components/hts221 -I../../../../../../../Drivers/BSP/Components/lps22hb -I../../../../../../../Middlewares/ST/STM32_USB_Device_Library/Class/CDC/Inc -I../../../../../../../Middlewares/ST/STM32_USB_Device_Library/Core/Inc -I../../../../../../../Middlewares/ST/BlueNRG-MS/includes -I../../../../../../../Middlewares/ST/BlueNRG-MS/utils -I../../../../../../../Middlewares/ST/BlueNRG-MS/hci/hci_tl_patterns/Basic -Og -ffunction-sections -Wall -fstack-usage -MMD -MP -MF"Drivers/STM32L4xx_HAL_Driver/stm32l4xx_hal_i2c_ex.d" -MT"Drivers/STM32L4xx_HAL_Driver/stm32l4xx_hal_i2c_ex.o" --specs=nano.specs -mfpu=fpv4-sp-d16 -mfloat-abi=hard -mthumb -o "Drivers/STM32L4xx_HAL_Driver/stm32l4xx_hal_i2c_ex.o"
arm-none-eabi-gcc "C:/Users/Mateusz/Downloads/en.stsw-stlkt01/STSW-STLKT01_V2.4.0/Drivers/STM32L4xx_HAL_Driver/Src/stm32l4xx_hal_pcd.c" -mcpu=cortex-m4 -std=gnu11 -g -DUSE_HAL_DRIVER -DSTM32_SENSORTILE -DSTM32L476xx -DUSE_STM32L4XX_NUCLEO -c -I../../../Inc -I../../../../../../../Drivers/CMSIS/Device/ST/STM32L4xx/Include -I../../../../../../../Drivers/STM32L4xx_HAL_Driver/Inc -I../../../../../../../Drivers/BSP/SensorTile -I../../../../../../../Drivers/CMSIS/Include -I../../../../../../../Drivers/BSP/Components/Common -I../../../../../../../Drivers/BSP/Components/hts221 -I../../../../../../../Drivers/BSP/Components/lps22hb -I../../../../../../../Middlewares/ST/STM32_USB_Device_Library/Class/CDC/Inc -I../../../../../../../Middlewares/ST/STM32_USB_Device_Library/Core/Inc -I../../../../../../../Middlewares/ST/BlueNRG-MS/includes -I../../../../../../../Middlewares/ST/BlueNRG-MS/utils -I../../../../../../../Middlewares/ST/BlueNRG-MS/hci/hci_tl_patterns/Basic -Og -ffunction-sections -Wall -fstack-usage -MMD -MP -MF"Drivers/STM32L4xx_HAL_Driver/stm32l4xx_hal_pcd.d" -MT"Drivers/STM32L4xx_HAL_Driver/stm32l4xx_hal_pcd.o" --specs=nano.specs -mfpu=fpv4-sp-d16 -mfloat-abi=hard -mthumb -o "Drivers/STM32L4xx_HAL_Driver/stm32l4xx_hal_pcd.o"
arm-none-eabi-gcc "C:/Users/Mateusz/Downloads/en.stsw-stlkt01/STSW-STLKT01_V2.4.0/Drivers/STM32L4xx_HAL_Driver/Src/stm32l4xx_hal_pcd_ex.c" -mcpu=cortex-m4 -std=gnu11 -g -DUSE_HAL_DRIVER -DSTM32_SENSORTILE -DSTM32L476xx -DUSE_STM32L4XX_NUCLEO -c -I../../../Inc -I../../../../../../../Drivers/CMSIS/Device/ST/STM32L4xx/Include -I../../../../../../../Drivers/STM32L4xx_HAL_Driver/Inc -I../../../../../../../Drivers/BSP/SensorTile -I../../../../../../../Drivers/CMSIS/Include -I../../../../../../../Drivers/BSP/Components/Common -I../../../../../../../Drivers/BSP/Components/hts221 -I../../../../../../../Drivers/BSP/Components/lps22hb -I../../../../../../../Middlewares/ST/STM32_USB_Device_Library/Class/CDC/Inc -I../../../../../../../Middlewares/ST/STM32_USB_Device_Library/Core/Inc -I../../../../../../../Middlewares/ST/BlueNRG-MS/includes -I../../../../../../../Middlewares/ST/BlueNRG-MS/utils -I../../../../../../../Middlewares/ST/BlueNRG-MS/hci/hci_tl_patterns/Basic -Og -ffunction-sections -Wall -fstack-usage -MMD -MP -MF"Drivers/STM32L4xx_HAL_Driver/stm32l4xx_hal_pcd_ex.d" -MT"Drivers/STM32L4xx_HAL_Driver/stm32l4xx_hal_pcd_ex.o" --specs=nano.specs -mfpu=fpv4-sp-d16 -mfloat-abi=hard -mthumb -o "Drivers/STM32L4xx_HAL_Driver/stm32l4xx_hal_pcd_ex.o"
arm-none-eabi-gcc "C:/Users/Mateusz/Downloads/en.stsw-stlkt01/STSW-STLKT01_V2.4.0/Drivers/STM32L4xx_HAL_Driver/Src/stm32l4xx_hal_pwr.c" -mcpu=cortex-m4 -std=gnu11 -g -DUSE_HAL_DRIVER -DSTM32_SENSORTILE -DSTM32L476xx -DUSE_STM32L4XX_NUCLEO -c -I../../../Inc -I../../../../../../../Drivers/CMSIS/Device/ST/STM32L4xx/Include -I../../../../../../../Drivers/STM32L4xx_HAL_Driver/Inc -I../../../../../../../Drivers/BSP/SensorTile -I../../../../../../../Drivers/CMSIS/Include -I../../../../../../../Drivers/BSP/Components/Common -I../../../../../../../Drivers/BSP/Components/hts221 -I../../../../../../../Drivers/BSP/Components/lps22hb -I../../../../../../../Middlewares/ST/STM32_USB_Device_Library/Class/CDC/Inc -I../../../../../../../Middlewares/ST/STM32_USB_Device_Library/Core/Inc -I../../../../../../../Middlewares/ST/BlueNRG-MS/includes -I../../../../../../../Middlewares/ST/BlueNRG-MS/utils -I../../../../../../../Middlewares/ST/BlueNRG-MS/hci/hci_tl_patterns/Basic -Og -ffunction-sections -Wall -fstack-usage -MMD -MP -MF"Drivers/STM32L4xx_HAL_Driver/stm32l4xx_hal_pwr.d" -MT"Drivers/STM32L4xx_HAL_Driver/stm32l4xx_hal_pwr.o" --specs=nano.specs -mfpu=fpv4-sp-d16 -mfloat-abi=hard -mthumb -o "Drivers/STM32L4xx_HAL_Driver/stm32l4xx_hal_pwr.o"
arm-none-eabi-gcc "C:/Users/Mateusz/Downloads/en.stsw-stlkt01/STSW-STLKT01_V2.4.0/Drivers/STM32L4xx_HAL_Driver/Src/stm32l4xx_hal_pwr_ex.c" -mcpu=cortex-m4 -std=gnu11 -g -DUSE_HAL_DRIVER -DSTM32_SENSORTILE -DSTM32L476xx -DUSE_STM32L4XX_NUCLEO -c -I../../../Inc -I../../../../../../../Drivers/CMSIS/Device/ST/STM32L4xx/Include -I../../../../../../../Drivers/STM32L4xx_HAL_Driver/Inc -I../../../../../../../Drivers/BSP/SensorTile -I../../../../../../../Drivers/CMSIS/Include -I../../../../../../../Drivers/BSP/Components/Common -I../../../../../../../Drivers/BSP/Components/hts221 -I../../../../../../../Drivers/BSP/Components/lps22hb -I../../../../../../../Middlewares/ST/STM32_USB_Device_Library/Class/CDC/Inc -I../../../../../../../Middlewares/ST/STM32_USB_Device_Library/Core/Inc -I../../../../../../../Middlewares/ST/BlueNRG-MS/includes -I../../../../../../../Middlewares/ST/BlueNRG-MS/utils -I../../../../../../../Middlewares/ST/BlueNRG-MS/hci/hci_tl_patterns/Basic -Og -ffunction-sections -Wall -fstack-usage -MMD -MP -MF"Drivers/STM32L4xx_HAL_Driver/stm32l4xx_hal_pwr_ex.d" -MT"Drivers/STM32L4xx_HAL_Driver/stm32l4xx_hal_pwr_ex.o" --specs=nano.specs -mfpu=fpv4-sp-d16 -mfloat-abi=hard -mthumb -o "Drivers/STM32L4xx_HAL_Driver/stm32l4xx_hal_pwr_ex.o"
arm-none-eabi-gcc "C:/Users/Mateusz/Downloads/en.stsw-stlkt01/STSW-STLKT01_V2.4.0/Drivers/STM32L4xx_HAL_Driver/Src/stm32l4xx_hal_rcc.c" -mcpu=cortex-m4 -std=gnu11 -g -DUSE_HAL_DRIVER -DSTM32_SENSORTILE -DSTM32L476xx -DUSE_STM32L4XX_NUCLEO -c -I../../../Inc -I../../../../../../../Drivers/CMSIS/Device/ST/STM32L4xx/Include -I../../../../../../../Drivers/STM32L4xx_HAL_Driver/Inc -I../../../../../../../Drivers/BSP/SensorTile -I../../../../../../../Drivers/CMSIS/Include -I../../../../../../../Drivers/BSP/Components/Common -I../../../../../../../Drivers/BSP/Components/hts221 -I../../../../../../../Drivers/BSP/Components/lps22hb -I../../../../../../../Middlewares/ST/STM32_USB_Device_Library/Class/CDC/Inc -I../../../../../../../Middlewares/ST/STM32_USB_Device_Library/Core/Inc -I../../../../../../../Middlewares/ST/BlueNRG-MS/includes -I../../../../../../../Middlewares/ST/BlueNRG-MS/utils -I../../../../../../../Middlewares/ST/BlueNRG-MS/hci/hci_tl_patterns/Basic -Og -ffunction-sections -Wall -fstack-usage -MMD -MP -MF"Drivers/STM32L4xx_HAL_Driver/stm32l4xx_hal_rcc.d" -MT"Drivers/STM32L4xx_HAL_Driver/stm32l4xx_hal_rcc.o" --specs=nano.specs -mfpu=fpv4-sp-d16 -mfloat-abi=hard -mthumb -o "Drivers/STM32L4xx_HAL_Driver/stm32l4xx_hal_rcc.o"
arm-none-eabi-gcc "C:/Users/Mateusz/Downloads/en.stsw-stlkt01/STSW-STLKT01_V2.4.0/Drivers/STM32L4xx_HAL_Driver/Src/stm32l4xx_hal_rcc_ex.c" -mcpu=cortex-m4 -std=gnu11 -g -DUSE_HAL_DRIVER -DSTM32_SENSORTILE -DSTM32L476xx -DUSE_STM32L4XX_NUCLEO -c -I../../../Inc -I../../../../../../../Drivers/CMSIS/Device/ST/STM32L4xx/Include -I../../../../../../../Drivers/STM32L4xx_HAL_Driver/Inc -I../../../../../../../Drivers/BSP/SensorTile -I../../../../../../../Drivers/CMSIS/Include -I../../../../../../../Drivers/BSP/Components/Common -I../../../../../../../Drivers/BSP/Components/hts221 -I../../../../../../../Drivers/BSP/Components/lps22hb -I../../../../../../../Middlewares/ST/STM32_USB_Device_Library/Class/CDC/Inc -I../../../../../../../Middlewares/ST/STM32_USB_Device_Library/Core/Inc -I../../../../../../../Middlewares/ST/BlueNRG-MS/includes -I../../../../../../../Middlewares/ST/BlueNRG-MS/utils -I../../../../../../../Middlewares/ST/BlueNRG-MS/hci/hci_tl_patterns/Basic -Og -ffunction-sections -Wall -fstack-usage -MMD -MP -MF"Drivers/STM32L4xx_HAL_Driver/stm32l4xx_hal_rcc_ex.d" -MT"Drivers/STM32L4xx_HAL_Driver/stm32l4xx_hal_rcc_ex.o" --specs=nano.specs -mfpu=fpv4-sp-d16 -mfloat-abi=hard -mthumb -o "Drivers/STM32L4xx_HAL_Driver/stm32l4xx_hal_rcc_ex.o"
arm-none-eabi-gcc "C:/Users/Mateusz/Downloads/en.stsw-stlkt01/STSW-STLKT01_V2.4.0/Drivers/STM32L4xx_HAL_Driver/Src/stm32l4xx_hal_rtc.c" -mcpu=cortex-m4 -std=gnu11 -g -DUSE_HAL_DRIVER -DSTM32_SENSORTILE -DSTM32L476xx -DUSE_STM32L4XX_NUCLEO -c -I../../../Inc -I../../../../../../../Drivers/CMSIS/Device/ST/STM32L4xx/Include -I../../../../../../../Drivers/STM32L4xx_HAL_Driver/Inc -I../../../../../../../Drivers/BSP/SensorTile -I../../../../../../../Drivers/CMSIS/Include -I../../../../../../../Drivers/BSP/Components/Common -I../../../../../../../Drivers/BSP/Components/hts221 -I../../../../../../../Drivers/BSP/Components/lps22hb -I../../../../../../../Middlewares/ST/STM32_USB_Device_Library/Class/CDC/Inc -I../../../../../../../Middlewares/ST/STM32_USB_Device_Library/Core/Inc -I../../../../../../../Middlewares/ST/BlueNRG-MS/includes -I../../../../../../../Middlewares/ST/BlueNRG-MS/utils -I../../../../../../../Middlewares/ST/BlueNRG-MS/hci/hci_tl_patterns/Basic -Og -ffunction-sections -Wall -fstack-usage -MMD -MP -MF"Drivers/STM32L4xx_HAL_Driver/stm32l4xx_hal_rtc.d" -MT"Drivers/STM32L4xx_HAL_Driver/stm32l4xx_hal_rtc.o" --specs=nano.specs -mfpu=fpv4-sp-d16 -mfloat-abi=hard -mthumb -o "Drivers/STM32L4xx_HAL_Driver/stm32l4xx_hal_rtc.o"
arm-none-eabi-gcc "C:/Users/Mateusz/Downloads/en.stsw-stlkt01/STSW-STLKT01_V2.4.0/Drivers/STM32L4xx_HAL_Driver/Src/stm32l4xx_hal_rtc_ex.c" -mcpu=cortex-m4 -std=gnu11 -g -DUSE_HAL_DRIVER -DSTM32_SENSORTILE -DSTM32L476xx -DUSE_STM32L4XX_NUCLEO -c -I../../../Inc -I../../../../../../../Drivers/CMSIS/Device/ST/STM32L4xx/Include -I../../../../../../../Drivers/STM32L4xx_HAL_Driver/Inc -I../../../../../../../Drivers/BSP/SensorTile -I../../../../../../../Drivers/CMSIS/Include -I../../../../../../../Drivers/BSP/Components/Common -I../../../../../../../Drivers/BSP/Components/hts221 -I../../../../../../../Drivers/BSP/Components/lps22hb -I../../../../../../../Middlewares/ST/STM32_USB_Device_Library/Class/CDC/Inc -I../../../../../../../Middlewares/ST/STM32_USB_Device_Library/Core/Inc -I../../../../../../../Middlewares/ST/BlueNRG-MS/includes -I../../../../../../../Middlewares/ST/BlueNRG-MS/utils -I../../../../../../../Middlewares/ST/BlueNRG-MS/hci/hci_tl_patterns/Basic -Og -ffunction-sections -Wall -fstack-usage -MMD -MP -MF"Drivers/STM32L4xx_HAL_Driver/stm32l4xx_hal_rtc_ex.d" -MT"Drivers/STM32L4xx_HAL_Driver/stm32l4xx_hal_rtc_ex.o" --specs=nano.specs -mfpu=fpv4-sp-d16 -mfloat-abi=hard -mthumb -o "Drivers/STM32L4xx_HAL_Driver/stm32l4xx_hal_rtc_ex.o"
arm-none-eabi-gcc "C:/Users/Mateusz/Downloads/en.stsw-stlkt01/STSW-STLKT01_V2.4.0/Drivers/STM32L4xx_HAL_Driver/Src/stm32l4xx_hal_spi.c" -mcpu=cortex-m4 -std=gnu11 -g -DUSE_HAL_DRIVER -DSTM32_SENSORTILE -DSTM32L476xx -DUSE_STM32L4XX_NUCLEO -c -I../../../Inc -I../../../../../../../Drivers/CMSIS/Device/ST/STM32L4xx/Include -I../../../../../../../Drivers/STM32L4xx_HAL_Driver/Inc -I../../../../../../../Drivers/BSP/SensorTile -I../../../../../../../Drivers/CMSIS/Include -I../../../../../../../Drivers/BSP/Components/Common -I../../../../../../../Drivers/BSP/Components/hts221 -I../../../../../../../Drivers/BSP/Components/lps22hb -I../../../../../../../Middlewares/ST/STM32_USB_Device_Library/Class/CDC/Inc -I../../../../../../../Middlewares/ST/STM32_USB_Device_Library/Core/Inc -I../../../../../../../Middlewares/ST/BlueNRG-MS/includes -I../../../../../../../Middlewares/ST/BlueNRG-MS/utils -I../../../../../../../Middlewares/ST/BlueNRG-MS/hci/hci_tl_patterns/Basic -Og -ffunction-sections -Wall -fstack-usage -MMD -MP -MF"Drivers/STM32L4xx_HAL_Driver/stm32l4xx_hal_spi.d" -MT"Drivers/STM32L4xx_HAL_Driver/stm32l4xx_hal_spi.o" --specs=nano.specs -mfpu=fpv4-sp-d16 -mfloat-abi=hard -mthumb -o "Drivers/STM32L4xx_HAL_Driver/stm32l4xx_hal_spi.o"
arm-none-eabi-gcc "C:/Users/Mateusz/Downloads/en.stsw-stlkt01/STSW-STLKT01_V2.4.0/Drivers/STM32L4xx_HAL_Driver/Src/stm32l4xx_hal_spi_ex.c" -mcpu=cortex-m4 -std=gnu11 -g -DUSE_HAL_DRIVER -DSTM32_SENSORTILE -DSTM32L476xx -DUSE_STM32L4XX_NUCLEO -c -I../../../Inc -I../../../../../../../Drivers/CMSIS/Device/ST/STM32L4xx/Include -I../../../../../../../Drivers/STM32L4xx_HAL_Driver/Inc -I../../../../../../../Drivers/BSP/SensorTile -I../../../../../../../Drivers/CMSIS/Include -I../../../../../../../Drivers/BSP/Components/Common -I../../../../../../../Drivers/BSP/Components/hts221 -I../../../../../../../Drivers/BSP/Components/lps22hb -I../../../../../../../Middlewares/ST/STM32_USB_Device_Library/Class/CDC/Inc -I../../../../../../../Middlewares/ST/STM32_USB_Device_Library/Core/Inc -I../../../../../../../Middlewares/ST/BlueNRG-MS/includes -I../../../../../../../Middlewares/ST/BlueNRG-MS/utils -I../../../../../../../Middlewares/ST/BlueNRG-MS/hci/hci_tl_patterns/Basic -Og -ffunction-sections -Wall -fstack-usage -MMD -MP -MF"Drivers/STM32L4xx_HAL_Driver/stm32l4xx_hal_spi_ex.d" -MT"Drivers/STM32L4xx_HAL_Driver/stm32l4xx_hal_spi_ex.o" --specs=nano.specs -mfpu=fpv4-sp-d16 -mfloat-abi=hard -mthumb -o "Drivers/STM32L4xx_HAL_Driver/stm32l4xx_hal_spi_ex.o"
arm-none-eabi-gcc "C:/Users/Mateusz/Downloads/en.stsw-stlkt01/STSW-STLKT01_V2.4.0/Drivers/STM32L4xx_HAL_Driver/Src/stm32l4xx_hal_tim.c" -mcpu=cortex-m4 -std=gnu11 -g -DUSE_HAL_DRIVER -DSTM32_SENSORTILE -DSTM32L476xx -DUSE_STM32L4XX_NUCLEO -c -I../../../Inc -I../../../../../../../Drivers/CMSIS/Device/ST/STM32L4xx/Include -I../../../../../../../Drivers/STM32L4xx_HAL_Driver/Inc -I../../../../../../../Drivers/BSP/SensorTile -I../../../../../../../Drivers/CMSIS/Include -I../../../../../../../Drivers/BSP/Components/Common -I../../../../../../../Drivers/BSP/Components/hts221 -I../../../../../../../Drivers/BSP/Components/lps22hb -I../../../../../../../Middlewares/ST/STM32_USB_Device_Library/Class/CDC/Inc -I../../../../../../../Middlewares/ST/STM32_USB_Device_Library/Core/Inc -I../../../../../../../Middlewares/ST/BlueNRG-MS/includes -I../../../../../../../Middlewares/ST/BlueNRG-MS/utils -I../../../../../../../Middlewares/ST/BlueNRG-MS/hci/hci_tl_patterns/Basic -Og -ffunction-sections -Wall -fstack-usage -MMD -MP -MF"Drivers/STM32L4xx_HAL_Driver/stm32l4xx_hal_tim.d" -MT"Drivers/STM32L4xx_HAL_Driver/stm32l4xx_hal_tim.o" --specs=nano.specs -mfpu=fpv4-sp-d16 -mfloat-abi=hard -mthumb -o "Drivers/STM32L4xx_HAL_Driver/stm32l4xx_hal_tim.o"
arm-none-eabi-gcc "C:/Users/Mateusz/Downloads/en.stsw-stlkt01/STSW-STLKT01_V2.4.0/Drivers/STM32L4xx_HAL_Driver/Src/stm32l4xx_hal_tim_ex.c" -mcpu=cortex-m4 -std=gnu11 -g -DUSE_HAL_DRIVER -DSTM32_SENSORTILE -DSTM32L476xx -DUSE_STM32L4XX_NUCLEO -c -I../../../Inc -I../../../../../../../Drivers/CMSIS/Device/ST/STM32L4xx/Include -I../../../../../../../Drivers/STM32L4xx_HAL_Driver/Inc -I../../../../../../../Drivers/BSP/SensorTile -I../../../../../../../Drivers/CMSIS/Include -I../../../../../../../Drivers/BSP/Components/Common -I../../../../../../../Drivers/BSP/Components/hts221 -I../../../../../../../Drivers/BSP/Components/lps22hb -I../../../../../../../Middlewares/ST/STM32_USB_Device_Library/Class/CDC/Inc -I../../../../../../../Middlewares/ST/STM32_USB_Device_Library/Core/Inc -I../../../../../../../Middlewares/ST/BlueNRG-MS/includes -I../../../../../../../Middlewares/ST/BlueNRG-MS/utils -I../../../../../../../Middlewares/ST/BlueNRG-MS/hci/hci_tl_patterns/Basic -Og -ffunction-sections -Wall -fstack-usage -MMD -MP -MF"Drivers/STM32L4xx_HAL_Driver/stm32l4xx_hal_tim_ex.d" -MT"Drivers/STM32L4xx_HAL_Driver/stm32l4xx_hal_tim_ex.o" --specs=nano.specs -mfpu=fpv4-sp-d16 -mfloat-abi=hard -mthumb -o "Drivers/STM32L4xx_HAL_Driver/stm32l4xx_hal_tim_ex.o"
arm-none-eabi-gcc "C:/Users/Mateusz/Downloads/en.stsw-stlkt01/STSW-STLKT01_V2.4.0/Drivers/STM32L4xx_HAL_Driver/Src/stm32l4xx_hal_uart.c" -mcpu=cortex-m4 -std=gnu11 -g -DUSE_HAL_DRIVER -DSTM32_SENSORTILE -DSTM32L476xx -DUSE_STM32L4XX_NUCLEO -c -I../../../Inc -I../../../../../../../Drivers/CMSIS/Device/ST/STM32L4xx/Include -I../../../../../../../Drivers/STM32L4xx_HAL_Driver/Inc -I../../../../../../../Drivers/BSP/SensorTile -I../../../../../../../Drivers/CMSIS/Include -I../../../../../../../Drivers/BSP/Components/Common -I../../../../../../../Drivers/BSP/Components/hts221 -I../../../../../../../Drivers/BSP/Components/lps22hb -I../../../../../../../Middlewares/ST/STM32_USB_Device_Library/Class/CDC/Inc -I../../../../../../../Middlewares/ST/STM32_USB_Device_Library/Core/Inc -I../../../../../../../Middlewares/ST/BlueNRG-MS/includes -I../../../../../../../Middlewares/ST/BlueNRG-MS/utils -I../../../../../../../Middlewares/ST/BlueNRG-MS/hci/hci_tl_patterns/Basic -Og -ffunction-sections -Wall -fstack-usage -MMD -MP -MF"Drivers/STM32L4xx_HAL_Driver/stm32l4xx_hal_uart.d" -MT"Drivers/STM32L4xx_HAL_Driver/stm32l4xx_hal_uart.o" --specs=nano.specs -mfpu=fpv4-sp-d16 -mfloat-abi=hard -mthumb -o "Drivers/STM32L4xx_HAL_Driver/stm32l4xx_hal_uart.o"
arm-none-eabi-gcc "C:/Users/Mateusz/Downloads/en.stsw-stlkt01/STSW-STLKT01_V2.4.0/Drivers/STM32L4xx_HAL_Driver/Src/stm32l4xx_hal_uart_ex.c" -mcpu=cortex-m4 -std=gnu11 -g -DUSE_HAL_DRIVER -DSTM32_SENSORTILE -DSTM32L476xx -DUSE_STM32L4XX_NUCLEO -c -I../../../Inc -I../../../../../../../Drivers/CMSIS/Device/ST/STM32L4xx/Include -I../../../../../../../Drivers/STM32L4xx_HAL_Driver/Inc -I../../../../../../../Drivers/BSP/SensorTile -I../../../../../../../Drivers/CMSIS/Include -I../../../../../../../Drivers/BSP/Components/Common -I../../../../../../../Drivers/BSP/Components/hts221 -I../../../../../../../Drivers/BSP/Components/lps22hb -I../../../../../../../Middlewares/ST/STM32_USB_Device_Library/Class/CDC/Inc -I../../../../../../../Middlewares/ST/STM32_USB_Device_Library/Core/Inc -I../../../../../../../Middlewares/ST/BlueNRG-MS/includes -I../../../../../../../Middlewares/ST/BlueNRG-MS/utils -I../../../../../../../Middlewares/ST/BlueNRG-MS/hci/hci_tl_patterns/Basic -Og -ffunction-sections -Wall -fstack-usage -MMD -MP -MF"Drivers/STM32L4xx_HAL_Driver/stm32l4xx_hal_uart_ex.d" -MT"Drivers/STM32L4xx_HAL_Driver/stm32l4xx_hal_uart_ex.o" --specs=nano.specs -mfpu=fpv4-sp-d16 -mfloat-abi=hard -mthumb -o "Drivers/STM32L4xx_HAL_Driver/stm32l4xx_hal_uart_ex.o"
arm-none-eabi-gcc "C:/Users/Mateusz/Downloads/en.stsw-stlkt01/STSW-STLKT01_V2.4.0/Drivers/STM32L4xx_HAL_Driver/Src/stm32l4xx_ll_usb.c" -mcpu=cortex-m4 -std=gnu11 -g -DUSE_HAL_DRIVER -DSTM32_SENSORTILE -DSTM32L476xx -DUSE_STM32L4XX_NUCLEO -c -I../../../Inc -I../../../../../../../Drivers/CMSIS/Device/ST/STM32L4xx/Include -I../../../../../../../Drivers/STM32L4xx_HAL_Driver/Inc -I../../../../../../../Drivers/BSP/SensorTile -I../../../../../../../Drivers/CMSIS/Include -I../../../../../../../Drivers/BSP/Components/Common -I../../../../../../../Drivers/BSP/Components/hts221 -I../../../../../../../Drivers/BSP/Components/lps22hb -I../../../../../../../Middlewares/ST/STM32_USB_Device_Library/Class/CDC/Inc -I../../../../../../../Middlewares/ST/STM32_USB_Device_Library/Core/Inc -I../../../../../../../Middlewares/ST/BlueNRG-MS/includes -I../../../../../../../Middlewares/ST/BlueNRG-MS/utils -I../../../../../../../Middlewares/ST/BlueNRG-MS/hci/hci_tl_patterns/Basic -Og -ffunction-sections -Wall -fstack-usage -MMD -MP -MF"Drivers/STM32L4xx_HAL_Driver/stm32l4xx_ll_usb.d" -MT"Drivers/STM32L4xx_HAL_Driver/stm32l4xx_ll_usb.o" --specs=nano.specs -mfpu=fpv4-sp-d16 -mfloat-abi=hard -mthumb -o "Drivers/STM32L4xx_HAL_Driver/stm32l4xx_ll_usb.o"
arm-none-eabi-gcc "C:/Users/Mateusz/Downloads/en.stsw-stlkt01/STSW-STLKT01_V2.4.0/Projects/SensorTile/Applications/BLE_SampleApp/Src/system_stm32l4xx.c" -mcpu=cortex-m4 -std=gnu11 -g -DUSE_HAL_DRIVER -DSTM32_SENSORTILE -DSTM32L476xx -DUSE_STM32L4XX_NUCLEO -c -I../../../Inc -I../../../../../../../Drivers/CMSIS/Device/ST/STM32L4xx/Include -I../../../../../../../Drivers/STM32L4xx_HAL_Driver/Inc -I../../../../../../../Drivers/BSP/SensorTile -I../../../../../../../Drivers/CMSIS/Include -I../../../../../../../Drivers/BSP/Components/Common -I../../../../../../../Drivers/BSP/Components/hts221 -I../../../../../../../Drivers/BSP/Components/lps22hb -I../../../../../../../Middlewares/ST/STM32_USB_Device_Library/Class/CDC/Inc -I../../../../../../../Middlewares/ST/STM32_USB_Device_Library/Core/Inc -I../../../../../../../Middlewares/ST/BlueNRG-MS/includes -I../../../../../../../Middlewares/ST/BlueNRG-MS/utils -I../../../../../../../Middlewares/ST/BlueNRG-MS/hci/hci_tl_patterns/Basic -Og -ffunction-sections -Wall -fstack-usage -MMD -MP -MF"Drivers/CMSIS/system_stm32l4xx.d" -MT"Drivers/CMSIS/system_stm32l4xx.o" --specs=nano.specs -mfpu=fpv4-sp-d16 -mfloat-abi=hard -mthumb -o "Drivers/CMSIS/system_stm32l4xx.o"
arm-none-eabi-gcc "C:/Users/Mateusz/Downloads/en.stsw-stlkt01/STSW-STLKT01_V2.4.0/Drivers/BSP/SensorTile/SensorTile.c" -mcpu=cortex-m4 -std=gnu11 -g -DUSE_HAL_DRIVER -DSTM32_SENSORTILE -DSTM32L476xx -DUSE_STM32L4XX_NUCLEO -c -I../../../Inc -I../../../../../../../Drivers/CMSIS/Device/ST/STM32L4xx/Include -I../../../../../../../Drivers/STM32L4xx_HAL_Driver/Inc -I../../../../../../../Drivers/BSP/SensorTile -I../../../../../../../Drivers/CMSIS/Include -I../../../../../../../Drivers/BSP/Components/Common -I../../../../../../../Drivers/BSP/Components/hts221 -I../../../../../../../Drivers/BSP/Components/lps22hb -I../../../../../../../Middlewares/ST/STM32_USB_Device_Library/Class/CDC/Inc -I../../../../../../../Middlewares/ST/STM32_USB_Device_Library/Core/Inc -I../../../../../../../Middlewares/ST/BlueNRG-MS/includes -I../../../../../../../Middlewares/ST/BlueNRG-MS/utils -I../../../../../../../Middlewares/ST/BlueNRG-MS/hci/hci_tl_patterns/Basic -Og -ffunction-sections -Wall -fstack-usage -MMD -MP -MF"Drivers/BSP/SensorTile/SensorTile.d" -MT"Drivers/BSP/SensorTile/SensorTile.o" --specs=nano.specs -mfpu=fpv4-sp-d16 -mfloat-abi=hard -mthumb -o "Drivers/BSP/SensorTile/SensorTile.o"
arm-none-eabi-gcc "C:/Users/Mateusz/Downloads/en.stsw-stlkt01/STSW-STLKT01_V2.4.0/Drivers/BSP/SensorTile/SensorTile_bus.c" -mcpu=cortex-m4 -std=gnu11 -g -DUSE_HAL_DRIVER -DSTM32_SENSORTILE -DSTM32L476xx -DUSE_STM32L4XX_NUCLEO -c -I../../../Inc -I../../../../../../../Drivers/CMSIS/Device/ST/STM32L4xx/Include -I../../../../../../../Drivers/STM32L4xx_HAL_Driver/Inc -I../../../../../../../Drivers/BSP/SensorTile -I../../../../../../../Drivers/CMSIS/Include -I../../../../../../../Drivers/BSP/Components/Common -I../../../../../../../Drivers/BSP/Components/hts221 -I../../../../../../../Drivers/BSP/Components/lps22hb -I../../../../../../../Middlewares/ST/STM32_USB_Device_Library/Class/CDC/Inc -I../../../../../../../Middlewares/ST/STM32_USB_Device_Library/Core/Inc -I../../../../../../../Middlewares/ST/BlueNRG-MS/includes -I../../../../../../../Middlewares/ST/BlueNRG-MS/utils -I../../../../../../../Middlewares/ST/BlueNRG-MS/hci/hci_tl_patterns/Basic -Og -ffunction-sections -Wall -fstack-usage -MMD -MP -MF"Drivers/BSP/SensorTile/SensorTile_bus.d" -MT"Drivers/BSP/SensorTile/SensorTile_bus.o" --specs=nano.specs -mfpu=fpv4-sp-d16 -mfloat-abi=hard -mthumb -o "Drivers/BSP/SensorTile/SensorTile_bus.o"
arm-none-eabi-gcc "C:/Users/Mateusz/Downloads/en.stsw-stlkt01/STSW-STLKT01_V2.4.0/Drivers/BSP/SensorTile/SensorTile_env_sensors.c" -mcpu=cortex-m4 -std=gnu11 -g -DUSE_HAL_DRIVER -DSTM32_SENSORTILE -DSTM32L476xx -DUSE_STM32L4XX_NUCLEO -c -I../../../Inc -I../../../../../../../Drivers/CMSIS/Device/ST/STM32L4xx/Include -I../../../../../../../Drivers/STM32L4xx_HAL_Driver/Inc -I../../../../../../../Drivers/BSP/SensorTile -I../../../../../../../Drivers/CMSIS/Include -I../../../../../../../Drivers/BSP/Components/Common -I../../../../../../../Drivers/BSP/Components/hts221 -I../../../../../../../Drivers/BSP/Components/lps22hb -I../../../../../../../Middlewares/ST/STM32_USB_Device_Library/Class/CDC/Inc -I../../../../../../../Middlewares/ST/STM32_USB_Device_Library/Core/Inc -I../../../../../../../Middlewares/ST/BlueNRG-MS/includes -I../../../../../../../Middlewares/ST/BlueNRG-MS/utils -I../../../../../../../Middlewares/ST/BlueNRG-MS/hci/hci_tl_patterns/Basic -Og -ffunction-sections -Wall -fstack-usage -MMD -MP -MF"Drivers/BSP/SensorTile/SensorTile_env_sensors.d" -MT"Drivers/BSP/SensorTile/SensorTile_env_sensors.o" --specs=nano.specs -mfpu=fpv4-sp-d16 -mfloat-abi=hard -mthumb -o "Drivers/BSP/SensorTile/SensorTile_env_sensors.o"
arm-none-eabi-gcc "C:/Users/Mateusz/Downloads/en.stsw-stlkt01/STSW-STLKT01_V2.4.0/Drivers/BSP/SensorTile/SensorTile_env_sensors_ex.c" -mcpu=cortex-m4 -std=gnu11 -g -DUSE_HAL_DRIVER -DSTM32_SENSORTILE -DSTM32L476xx -DUSE_STM32L4XX_NUCLEO -c -I../../../Inc -I../../../../../../../Drivers/CMSIS/Device/ST/STM32L4xx/Include -I../../../../../../../Drivers/STM32L4xx_HAL_Driver/Inc -I../../../../../../../Drivers/BSP/SensorTile -I../../../../../../../Drivers/CMSIS/Include -I../../../../../../../Drivers/BSP/Components/Common -I../../../../../../../Drivers/BSP/Components/hts221 -I../../../../../../../Drivers/BSP/Components/lps22hb -I../../../../../../../Middlewares/ST/STM32_USB_Device_Library/Class/CDC/Inc -I../../../../../../../Middlewares/ST/STM32_USB_Device_Library/Core/Inc -I../../../../../../../Middlewares/ST/BlueNRG-MS/includes -I../../../../../../../Middlewares/ST/BlueNRG-MS/utils -I../../../../../../../Middlewares/ST/BlueNRG-MS/hci/hci_tl_patterns/Basic -Og -ffunction-sections -Wall -fstack-usage -MMD -MP -MF"Drivers/BSP/SensorTile/SensorTile_env_sensors_ex.d" -MT"Drivers/BSP/SensorTile/SensorTile_env_sensors_ex.o" --specs=nano.specs -mfpu=fpv4-sp-d16 -mfloat-abi=hard -mthumb -o "Drivers/BSP/SensorTile/SensorTile_env_sensors_ex.o"
arm-none-eabi-gcc "C:/Users/Mateusz/Downloads/en.stsw-stlkt01/STSW-STLKT01_V2.4.0/Drivers/BSP/Components/hts221/hts221.c" -mcpu=cortex-m4 -std=gnu11 -g -DUSE_HAL_DRIVER -DSTM32_SENSORTILE -DSTM32L476xx -DUSE_STM32L4XX_NUCLEO -c -I../../../Inc -I../../../../../../../Drivers/CMSIS/Device/ST/STM32L4xx/Include -I../../../../../../../Drivers/STM32L4xx_HAL_Driver/Inc -I../../../../../../../Drivers/BSP/SensorTile -I../../../../../../../Drivers/CMSIS/Include -I../../../../../../../Drivers/BSP/Components/Common -I../../../../../../../Drivers/BSP/Components/hts221 -I../../../../../../../Drivers/BSP/Components/lps22hb -I../../../../../../../Middlewares/ST/STM32_USB_Device_Library/Class/CDC/Inc -I../../../../../../../Middlewares/ST/STM32_USB_Device_Library/Core/Inc -I../../../../../../../Middlewares/ST/BlueNRG-MS/includes -I../../../../../../../Middlewares/ST/BlueNRG-MS/utils -I../../../../../../../Middlewares/ST/BlueNRG-MS/hci/hci_tl_patterns/Basic -Og -ffunction-sections -Wall -fstack-usage -MMD -MP -MF"Drivers/BSP/Components/hts221.d" -MT"Drivers/BSP/Components/hts221.o" --specs=nano.specs -mfpu=fpv4-sp-d16 -mfloat-abi=hard -mthumb -o "Drivers/BSP/Components/hts221.o"
arm-none-eabi-gcc "C:/Users/Mateusz/Downloads/en.stsw-stlkt01/STSW-STLKT01_V2.4.0/Drivers/BSP/Components/hts221/hts221_reg.c" -mcpu=cortex-m4 -std=gnu11 -g -DUSE_HAL_DRIVER -DSTM32_SENSORTILE -DSTM32L476xx -DUSE_STM32L4XX_NUCLEO -c -I../../../Inc -I../../../../../../../Drivers/CMSIS/Device/ST/STM32L4xx/Include -I../../../../../../../Drivers/STM32L4xx_HAL_Driver/Inc -I../../../../../../../Drivers/BSP/SensorTile -I../../../../../../../Drivers/CMSIS/Include -I../../../../../../../Drivers/BSP/Components/Common -I../../../../../../../Drivers/BSP/Components/hts221 -I../../../../../../../Drivers/BSP/Components/lps22hb -I../../../../../../../Middlewares/ST/STM32_USB_Device_Library/Class/CDC/Inc -I../../../../../../../Middlewares/ST/STM32_USB_Device_Library/Core/Inc -I../../../../../../../Middlewares/ST/BlueNRG-MS/includes -I../../../../../../../Middlewares/ST/BlueNRG-MS/utils -I../../../../../../../Middlewares/ST/BlueNRG-MS/hci/hci_tl_patterns/Basic -Og -ffunction-sections -Wall -fstack-usage -MMD -MP -MF"Drivers/BSP/Components/hts221_reg.d" -MT"Drivers/BSP/Components/hts221_reg.o" --specs=nano.specs -mfpu=fpv4-sp-d16 -mfloat-abi=hard -mthumb -o "Drivers/BSP/Components/hts221_reg.o"
arm-none-eabi-gcc "C:/Users/Mateusz/Downloads/en.stsw-stlkt01/STSW-STLKT01_V2.4.0/Drivers/BSP/Components/lps22hb/lps22hb.c" -mcpu=cortex-m4 -std=gnu11 -g -DUSE_HAL_DRIVER -DSTM32_SENSORTILE -DSTM32L476xx -DUSE_STM32L4XX_NUCLEO -c -I../../../Inc -I../../../../../../../Drivers/CMSIS/Device/ST/STM32L4xx/Include -I../../../../../../../Drivers/STM32L4xx_HAL_Driver/Inc -I../../../../../../../Drivers/BSP/SensorTile -I../../../../../../../Drivers/CMSIS/Include -I../../../../../../../Drivers/BSP/Components/Common -I../../../../../../../Drivers/BSP/Components/hts221 -I../../../../../../../Drivers/BSP/Components/lps22hb -I../../../../../../../Middlewares/ST/STM32_USB_Device_Library/Class/CDC/Inc -I../../../../../../../Middlewares/ST/STM32_USB_Device_Library/Core/Inc -I../../../../../../../Middlewares/ST/BlueNRG-MS/includes -I../../../../../../../Middlewares/ST/BlueNRG-MS/utils -I../../../../../../../Middlewares/ST/BlueNRG-MS/hci/hci_tl_patterns/Basic -Og -ffunction-sections -Wall -fstack-usage -MMD -MP -MF"Drivers/BSP/Components/lps22hb.d" -MT"Drivers/BSP/Components/lps22hb.o" --specs=nano.specs -mfpu=fpv4-sp-d16 -mfloat-abi=hard -mthumb -o "Drivers/BSP/Components/lps22hb.o"
arm-none-eabi-gcc "C:/Users/Mateusz/Downloads/en.stsw-stlkt01/STSW-STLKT01_V2.4.0/Drivers/BSP/Components/lps22hb/lps22hb_reg.c" -mcpu=cortex-m4 -std=gnu11 -g -DUSE_HAL_DRIVER -DSTM32_SENSORTILE -DSTM32L476xx -DUSE_STM32L4XX_NUCLEO -c -I../../../Inc -I../../../../../../../Drivers/CMSIS/Device/ST/STM32L4xx/Include -I../../../../../../../Drivers/STM32L4xx_HAL_Driver/Inc -I../../../../../../../Drivers/BSP/SensorTile -I../../../../../../../Drivers/CMSIS/Include -I../../../../../../../Drivers/BSP/Components/Common -I../../../../../../../Drivers/BSP/Components/hts221 -I../../../../../../../Drivers/BSP/Components/lps22hb -I../../../../../../../Middlewares/ST/STM32_USB_Device_Library/Class/CDC/Inc -I../../../../../../../Middlewares/ST/STM32_USB_Device_Library/Core/Inc -I../../../../../../../Middlewares/ST/BlueNRG-MS/includes -I../../../../../../../Middlewares/ST/BlueNRG-MS/utils -I../../../../../../../Middlewares/ST/BlueNRG-MS/hci/hci_tl_patterns/Basic -Og -ffunction-sections -Wall -fstack-usage -MMD -MP -MF"Drivers/BSP/Components/lps22hb_reg.d" -MT"Drivers/BSP/Components/lps22hb_reg.o" --specs=nano.specs -mfpu=fpv4-sp-d16 -mfloat-abi=hard -mthumb -o "Drivers/BSP/Components/lps22hb_reg.o"
arm-none-eabi-gcc "C:/Users/Mateusz/Downloads/en.stsw-stlkt01/STSW-STLKT01_V2.4.0/Projects/SensorTile/Applications/BLE_SampleApp/Src/TargetPlatform.c" -mcpu=cortex-m4 -std=gnu11 -g -DUSE_HAL_DRIVER -DSTM32_SENSORTILE -DSTM32L476xx -DUSE_STM32L4XX_NUCLEO -c -I../../../Inc -I../../../../../../../Drivers/CMSIS/Device/ST/STM32L4xx/Include -I../../../../../../../Drivers/STM32L4xx_HAL_Driver/Inc -I../../../../../../../Drivers/BSP/SensorTile -I../../../../../../../Drivers/CMSIS/Include -I../../../../../../../Drivers/BSP/Components/Common -I../../../../../../../Drivers/BSP/Components/hts221 -I../../../../../../../Drivers/BSP/Components/lps22hb -I../../../../../../../Middlewares/ST/STM32_USB_Device_Library/Class/CDC/Inc -I../../../../../../../Middlewares/ST/STM32_USB_Device_Library/Core/Inc -I../../../../../../../Middlewares/ST/BlueNRG-MS/includes -I../../../../../../../Middlewares/ST/BlueNRG-MS/utils -I../../../../../../../Middlewares/ST/BlueNRG-MS/hci/hci_tl_patterns/Basic -Og -ffunction-sections -Wall -fstack-usage -MMD -MP -MF"BLE_SampleApp/User/TargetPlatform.d" -MT"BLE_SampleApp/User/TargetPlatform.o" --specs=nano.specs -mfpu=fpv4-sp-d16 -mfloat-abi=hard -mthumb -o "BLE_SampleApp/User/TargetPlatform.o"
arm-none-eabi-gcc "C:/Users/Mateusz/Downloads/en.stsw-stlkt01/STSW-STLKT01_V2.4.0/Projects/SensorTile/Applications/BLE_SampleApp/Src/hci_tl_interface.c" -mcpu=cortex-m4 -std=gnu11 -g -DUSE_HAL_DRIVER -DSTM32_SENSORTILE -DSTM32L476xx -DUSE_STM32L4XX_NUCLEO -c -I../../../Inc -I../../../../../../../Drivers/CMSIS/Device/ST/STM32L4xx/Include -I../../../../../../../Drivers/STM32L4xx_HAL_Driver/Inc -I../../../../../../../Drivers/BSP/SensorTile -I../../../../../../../Drivers/CMSIS/Include -I../../../../../../../Drivers/BSP/Components/Common -I../../../../../../../Drivers/BSP/Components/hts221 -I../../../../../../../Drivers/BSP/Components/lps22hb -I../../../../../../../Middlewares/ST/STM32_USB_Device_Library/Class/CDC/Inc -I../../../../../../../Middlewares/ST/STM32_USB_Device_Library/Core/Inc -I../../../../../../../Middlewares/ST/BlueNRG-MS/includes -I../../../../../../../Middlewares/ST/BlueNRG-MS/utils -I../../../../../../../Middlewares/ST/BlueNRG-MS/hci/hci_tl_patterns/Basic -Og -ffunction-sections -Wall -fstack-usage -MMD -MP -MF"BLE_SampleApp/User/hci_tl_interface.d" -MT"BLE_SampleApp/User/hci_tl_interface.o" --specs=nano.specs -mfpu=fpv4-sp-d16 -mfloat-abi=hard -mthumb -o "BLE_SampleApp/User/hci_tl_interface.o"
arm-none-eabi-gcc "C:/Users/Mateusz/Downloads/en.stsw-stlkt01/STSW-STLKT01_V2.4.0/Projects/SensorTile/Applications/BLE_SampleApp/Src/main.c" -mcpu=cortex-m4 -std=gnu11 -g -DUSE_HAL_DRIVER -DSTM32_SENSORTILE -DSTM32L476xx -DUSE_STM32L4XX_NUCLEO -c -I../../../Inc -I../../../../../../../Drivers/CMSIS/Device/ST/STM32L4xx/Include -I../../../../../../../Drivers/STM32L4xx_HAL_Driver/Inc -I../../../../../../../Drivers/BSP/SensorTile -I../../../../../../../Drivers/CMSIS/Include -I../../../../../../../Drivers/BSP/Components/Common -I../../../../../../../Drivers/BSP/Components/hts221 -I../../../../../../../Drivers/BSP/Components/lps22hb -I../../../../../../../Middlewares/ST/STM32_USB_Device_Library/Class/CDC/Inc -I../../../../../../../Middlewares/ST/STM32_USB_Device_Library/Core/Inc -I../../../../../../../Middlewares/ST/BlueNRG-MS/includes -I../../../../../../../Middlewares/ST/BlueNRG-MS/utils -I../../../../../../../Middlewares/ST/BlueNRG-MS/hci/hci_tl_patterns/Basic -Og -ffunction-sections -Wall -fstack-usage -MMD -MP -MF"BLE_SampleApp/User/main.d" -MT"BLE_SampleApp/User/main.o" --specs=nano.specs -mfpu=fpv4-sp-d16 -mfloat-abi=hard -mthumb -o "BLE_SampleApp/User/main.o"
arm-none-eabi-gcc "C:/Users/Mateusz/Downloads/en.stsw-stlkt01/STSW-STLKT01_V2.4.0/Projects/SensorTile/Applications/BLE_SampleApp/Src/sensor_service.c" -mcpu=cortex-m4 -std=gnu11 -g -DUSE_HAL_DRIVER -DSTM32_SENSORTILE -DSTM32L476xx -DUSE_STM32L4XX_NUCLEO -c -I../../../Inc -I../../../../../../../Drivers/CMSIS/Device/ST/STM32L4xx/Include -I../../../../../../../Drivers/STM32L4xx_HAL_Driver/Inc -I../../../../../../../Drivers/BSP/SensorTile -I../../../../../../../Drivers/CMSIS/Include -I../../../../../../../Drivers/BSP/Components/Common -I../../../../../../../Drivers/BSP/Components/hts221 -I../../../../../../../Drivers/BSP/Components/lps22hb -I../../../../../../../Middlewares/ST/STM32_USB_Device_Library/Class/CDC/Inc -I../../../../../../../Middlewares/ST/STM32_USB_Device_Library/Core/Inc -I../../../../../../../Middlewares/ST/BlueNRG-MS/includes -I../../../../../../../Middlewares/ST/BlueNRG-MS/utils -I../../../../../../../Middlewares/ST/BlueNRG-MS/hci/hci_tl_patterns/Basic -Og -ffunction-sections -Wall -fstack-usage -MMD -MP -MF"BLE_SampleApp/User/sensor_service.d" -MT"BLE_SampleApp/User/sensor_service.o" --specs=nano.specs -mfpu=fpv4-sp-d16 -mfloat-abi=hard -mthumb -o "BLE_SampleApp/User/sensor_service.o"
arm-none-eabi-gcc "C:/Users/Mateusz/Downloads/en.stsw-stlkt01/STSW-STLKT01_V2.4.0/Projects/SensorTile/Applications/BLE_SampleApp/Src/stm32l4xx_hal_msp.c" -mcpu=cortex-m4 -std=gnu11 -g -DUSE_HAL_DRIVER -DSTM32_SENSORTILE -DSTM32L476xx -DUSE_STM32L4XX_NUCLEO -c -I../../../Inc -I../../../../../../../Drivers/CMSIS/Device/ST/STM32L4xx/Include -I../../../../../../../Drivers/STM32L4xx_HAL_Driver/Inc -I../../../../../../../Drivers/BSP/SensorTile -I../../../../../../../Drivers/CMSIS/Include -I../../../../../../../Drivers/BSP/Components/Common -I../../../../../../../Drivers/BSP/Components/hts221 -I../../../../../../../Drivers/BSP/Components/lps22hb -I../../../../../../../Middlewares/ST/STM32_USB_Device_Library/Class/CDC/Inc -I../../../../../../../Middlewares/ST/STM32_USB_Device_Library/Core/Inc -I../../../../../../../Middlewares/ST/BlueNRG-MS/includes -I../../../../../../../Middlewares/ST/BlueNRG-MS/utils -I../../../../../../../Middlewares/ST/BlueNRG-MS/hci/hci_tl_patterns/Basic -Og -ffunction-sections -Wall -fstack-usage -MMD -MP -MF"BLE_SampleApp/User/stm32l4xx_hal_msp.d" -MT"BLE_SampleApp/User/stm32l4xx_hal_msp.o" --specs=nano.specs -mfpu=fpv4-sp-d16 -mfloat-abi=hard -mthumb -o "BLE_SampleApp/User/stm32l4xx_hal_msp.o"
arm-none-eabi-gcc "C:/Users/Mateusz/Downloads/en.stsw-stlkt01/STSW-STLKT01_V2.4.0/Projects/SensorTile/Applications/BLE_SampleApp/Src/stm32l4xx_it.c" -mcpu=cortex-m4 -std=gnu11 -g -DUSE_HAL_DRIVER -DSTM32_SENSORTILE -DSTM32L476xx -DUSE_STM32L4XX_NUCLEO -c -I../../../Inc -I../../../../../../../Drivers/CMSIS/Device/ST/STM32L4xx/Include -I../../../../../../../Drivers/STM32L4xx_HAL_Driver/Inc -I../../../../../../../Drivers/BSP/SensorTile -I../../../../../../../Drivers/CMSIS/Include -I../../../../../../../Drivers/BSP/Components/Common -I../../../../../../../Drivers/BSP/Components/hts221 -I../../../../../../../Drivers/BSP/Components/lps22hb -I../../../../../../../Middlewares/ST/STM32_USB_Device_Library/Class/CDC/Inc -I../../../../../../../Middlewares/ST/STM32_USB_Device_Library/Core/Inc -I../../../../../../../Middlewares/ST/BlueNRG-MS/includes -I../../../../../../../Middlewares/ST/BlueNRG-MS/utils -I../../../../../../../Middlewares/ST/BlueNRG-MS/hci/hci_tl_patterns/Basic -Og -ffunction-sections -Wall -fstack-usage -MMD -MP -MF"BLE_SampleApp/User/stm32l4xx_it.d" -MT"BLE_SampleApp/User/stm32l4xx_it.o" --specs=nano.specs -mfpu=fpv4-sp-d16 -mfloat-abi=hard -mthumb -o "BLE_SampleApp/User/stm32l4xx_it.o"
arm-none-eabi-gcc "C:/Users/Mateusz/Downloads/en.stsw-stlkt01/STSW-STLKT01_V2.4.0/Projects/SensorTile/Applications/BLE_SampleApp/Src/usbd_cdc_interface.c" -mcpu=cortex-m4 -std=gnu11 -g -DUSE_HAL_DRIVER -DSTM32_SENSORTILE -DSTM32L476xx -DUSE_STM32L4XX_NUCLEO -c -I../../../Inc -I../../../../../../../Drivers/CMSIS/Device/ST/STM32L4xx/Include -I../../../../../../../Drivers/STM32L4xx_HAL_Driver/Inc -I../../../../../../../Drivers/BSP/SensorTile -I../../../../../../../Drivers/CMSIS/Include -I../../../../../../../Drivers/BSP/Components/Common -I../../../../../../../Drivers/BSP/Components/hts221 -I../../../../../../../Drivers/BSP/Components/lps22hb -I../../../../../../../Middlewares/ST/STM32_USB_Device_Library/Class/CDC/Inc -I../../../../../../../Middlewares/ST/STM32_USB_Device_Library/Core/Inc -I../../../../../../../Middlewares/ST/BlueNRG-MS/includes -I../../../../../../../Middlewares/ST/BlueNRG-MS/utils -I../../../../../../../Middlewares/ST/BlueNRG-MS/hci/hci_tl_patterns/Basic -Og -ffunction-sections -Wall -fstack-usage -MMD -MP -MF"BLE_SampleApp/User/usbd_cdc_interface.d" -MT"BLE_SampleApp/User/usbd_cdc_interface.o" --specs=nano.specs -mfpu=fpv4-sp-d16 -mfloat-abi=hard -mthumb -o "BLE_SampleApp/User/usbd_cdc_interface.o"
arm-none-eabi-gcc "C:/Users/Mateusz/Downloads/en.stsw-stlkt01/STSW-STLKT01_V2.4.0/Projects/SensorTile/Applications/BLE_SampleApp/Src/usbd_conf.c" -mcpu=cortex-m4 -std=gnu11 -g -DUSE_HAL_DRIVER -DSTM32_SENSORTILE -DSTM32L476xx -DUSE_STM32L4XX_NUCLEO -c -I../../../Inc -I../../../../../../../Drivers/CMSIS/Device/ST/STM32L4xx/Include -I../../../../../../../Drivers/STM32L4xx_HAL_Driver/Inc -I../../../../../../../Drivers/BSP/SensorTile -I../../../../../../../Drivers/CMSIS/Include -I../../../../../../../Drivers/BSP/Components/Common -I../../../../../../../Drivers/BSP/Components/hts221 -I../../../../../../../Drivers/BSP/Components/lps22hb -I../../../../../../../Middlewares/ST/STM32_USB_Device_Library/Class/CDC/Inc -I../../../../../../../Middlewares/ST/STM32_USB_Device_Library/Core/Inc -I../../../../../../../Middlewares/ST/BlueNRG-MS/includes -I../../../../../../../Middlewares/ST/BlueNRG-MS/utils -I../../../../../../../Middlewares/ST/BlueNRG-MS/hci/hci_tl_patterns/Basic -Og -ffunction-sections -Wall -fstack-usage -MMD -MP -MF"BLE_SampleApp/User/usbd_conf.d" -MT"BLE_SampleApp/User/usbd_conf.o" --specs=nano.specs -mfpu=fpv4-sp-d16 -mfloat-abi=hard -mthumb -o "BLE_SampleApp/User/usbd_conf.o"
arm-none-eabi-gcc "C:/Users/Mateusz/Downloads/en.stsw-stlkt01/STSW-STLKT01_V2.4.0/Projects/SensorTile/Applications/BLE_SampleApp/Src/usbd_desc.c" -mcpu=cortex-m4 -std=gnu11 -g -DUSE_HAL_DRIVER -DSTM32_SENSORTILE -DSTM32L476xx -DUSE_STM32L4XX_NUCLEO -c -I../../../Inc -I../../../../../../../Drivers/CMSIS/Device/ST/STM32L4xx/Include -I../../../../../../../Drivers/STM32L4xx_HAL_Driver/Inc -I../../../../../../../Drivers/BSP/SensorTile -I../../../../../../../Drivers/CMSIS/Include -I../../../../../../../Drivers/BSP/Components/Common -I../../../../../../../Drivers/BSP/Components/hts221 -I../../../../../../../Drivers/BSP/Components/lps22hb -I../../../../../../../Middlewares/ST/STM32_USB_Device_Library/Class/CDC/Inc -I../../../../../../../Middlewares/ST/STM32_USB_Device_Library/Core/Inc -I../../../../../../../Middlewares/ST/BlueNRG-MS/includes -I../../../../../../../Middlewares/ST/BlueNRG-MS/utils -I../../../../../../../Middlewares/ST/BlueNRG-MS/hci/hci_tl_patterns/Basic -Og -ffunction-sections -Wall -fstack-usage -MMD -MP -MF"BLE_SampleApp/User/usbd_desc.d" -MT"BLE_SampleApp/User/usbd_desc.o" --specs=nano.specs -mfpu=fpv4-sp-d16 -mfloat-abi=hard -mthumb -o "BLE_SampleApp/User/usbd_desc.o"
arm-none-eabi-gcc -mcpu=cortex-m4 -g3 -c -I../../../../../../../Drivers/STM32L4xx_HAL_Driver/Inc -I../../../../../../../Drivers/CMSIS/Include -I../../../../../../../Drivers/BSP/Components/Common -I../../../../../../../Drivers/BSP/Components/hts221 -I../../../Inc -x assembler-with-cpp -MMD -MP -MF"BLE_SampleApp/SW4STM32/startup_stm32l476xx.d" -MT"BLE_SampleApp/SW4STM32/startup_stm32l476xx.o" --specs=nano.specs -mfpu=fpv4-sp-d16 -mfloat-abi=hard -mthumb -o "BLE_SampleApp/SW4STM32/startup_stm32l476xx.o" "C:/Users/Mateusz/Downloads/en.stsw-stlkt01/STSW-STLKT01_V2.4.0/Projects/SensorTile/Applications/BLE_SampleApp/STM32CubeIDE/startup_stm32l476xx.s"
arm-none-eabi-gcc "C:/Users/Mateusz/Downloads/en.stsw-stlkt01/STSW-STLKT01_V2.4.0/Projects/SensorTile/Applications/BLE_SampleApp/Src/syscalls.c" -mcpu=cortex-m4 -std=gnu11 -g -DUSE_HAL_DRIVER -DSTM32_SENSORTILE -DSTM32L476xx -DUSE_STM32L4XX_NUCLEO -c -I../../../Inc -I../../../../../../../Drivers/CMSIS/Device/ST/STM32L4xx/Include -I../../../../../../../Drivers/STM32L4xx_HAL_Driver/Inc -I../../../../../../../Drivers/BSP/SensorTile -I../../../../../../../Drivers/CMSIS/Include -I../../../../../../../Drivers/BSP/Components/Common -I../../../../../../../Drivers/BSP/Components/hts221 -I../../../../../../../Drivers/BSP/Components/lps22hb -I../../../../../../../Middlewares/ST/STM32_USB_Device_Library/Class/CDC/Inc -I../../../../../../../Middlewares/ST/STM32_USB_Device_Library/Core/Inc -I../../../../../../../Middlewares/ST/BlueNRG-MS/includes -I../../../../../../../Middlewares/ST/BlueNRG-MS/utils -I../../../../../../../Middlewares/ST/BlueNRG-MS/hci/hci_tl_patterns/Basic -Og -ffunction-sections -Wall -fstack-usage -MMD -MP -MF"BLE_SampleApp/SW4STM32/syscalls.d" -MT"BLE_SampleApp/SW4STM32/syscalls.o" --specs=nano.specs -mfpu=fpv4-sp-d16 -mfloat-abi=hard -mthumb -o "BLE_SampleApp/SW4STM32/syscalls.o"
arm-none-eabi-gcc -o "STSW-STLKT01-BLE_SampleApp.elf" @"objects.list"   -mcpu=cortex-m4 -T"../LinkerScript.ld" -Wl,-Map="STSW-STLKT01-BLE_SampleApp.map" -Wl,--gc-sections -static --specs=nano.specs -mfpu=fpv4-sp-d16 -mfloat-abi=hard -mthumb -Wl,--start-group -lc -lm -Wl,--end-group
Finished building target: STSW-STLKT01-BLE_SampleApp.elf
 
arm-none-eabi-size   STSW-STLKT01-BLE_SampleApp.elf 
arm-none-eabi-objdump -h -S  STSW-STLKT01-BLE_SampleApp.elf  > "STSW-STLKT01-BLE_SampleApp.list"
arm-none-eabi-objcopy  -O binary  STSW-STLKT01-BLE_SampleApp.elf  "STSW-STLKT01-BLE_SampleApp.bin"
   text	   data	    bss	    dec	    hex	filename
  40776	    248	  44760	  85784	  14f18	STSW-STLKT01-BLE_SampleApp.elf
Finished building: default.size.stdout
 
Finished building: STSW-STLKT01-BLE_SampleApp.bin
 
Finished building: STSW-STLKT01-BLE_SampleApp.list
 
arm-none-eabi-objcopy -O binary "STSW-STLKT01-BLE_SampleApp.elf" "BLE_SampleApp.bin"
 

22:32:10 Build Finished. 0 errors, 0 warnings. (took 5s.802ms)

